<html>
<body>
<pre>
<h1>礦ision Build Log</h1>
<h2>Tool Versions:</h2>
IDE-Version: μVision V5.27.1.0
Copyright (C) 2019 ARM Ltd and ARM Germany GmbH. All rights reserved.
License Information: 11 11, 11, LIC=GMZI6-DPD9V-JJ56S-LV04L-HXERF-CYUIF
 
Tool Versions:
Toolchain:       MDK-ARM Plus  Version: 5.35.0.2
Toolchain Path:  C:\Keil_v5\ARM\ARMCC\Bin
C Compiler:      Armcc.exe V5.06 update 7 (build 960)
Assembler:       Armasm.exe V5.06 update 7 (build 960)
Linker/Locator:  ArmLink.exe V5.06 update 7 (build 960)
Library Manager: ArmAr.exe V5.06 update 7 (build 960)
Hex Converter:   FromElf.exe V5.06 update 7 (build 960)
CPU DLL:         SARMCM3.DLL V5.35.0.2
Dialog DLL:      DCM.DLL V1.17.3.0
Target DLL:      CMSIS_AGDI.dll V1.33.0.0
Dialog DLL:      TCM.DLL V1.53.0.0
 
<h2>Project:</h2>
C:\Users\xuzhenxiang\Desktop\F4系列程序\福田杯驱动程序\福田杯\有操作系统\速度环加位置环\Freetos_BoardA\MDK-ARM\Freetos_BoardA.uvprojx
Project File Date:  08/12/2021

<h2>Output:</h2>
*** Using Compiler 'V5.06 update 7 (build 960)', folder: 'C:\Keil_v5\ARM\ARMCC\Bin'
Build target 'Freetos_BoardA'
compiling freertos.c...
../Core/Src/freertos.c(154): warning:  #188-D: enumerated type mixed with another type
    osThreadDef(Steering_gear_task, Steering_DefaultTask, 7, 0, 128);
../Core/Src/freertos.c(157): warning:  #188-D: enumerated type mixed with another type
  	osThreadDef(Conrol_M2006_task, M2006_DefaultTask, 9, 0, 128);
../Core/Src/freertos.c(160): warning:  #188-D: enumerated type mixed with another type
  	osThreadDef(Debugging_task, Debugging_DefaultTask, 6, 0, 128);
../Core/Src/freertos.c(163): warning:  #188-D: enumerated type mixed with another type
  	osThreadDef(Mpu_Task, Mpu_DefaultTask, 8, 0, 128);
../Core/Src/freertos.c(318): warning:  #1035-D: single-precision operand implicitly converted to double-precision
  		time=time+0.5;
../Core/Src/freertos.c: 5 warnings, 0 errors
linking...
Program Size: Code=27816 RO-data=924 RW-data=292 ZI-data=18108  
FromELF: creating hex file...
"Freetos_BoardA\Freetos_BoardA.axf" - 0 Error(s), 5 Warning(s).

<h2>Software Packages used:</h2>

Package Vendor: ARM
                http://www.keil.com/pack/ARM.CMSIS.5.8.0.pack
                ARM.CMSIS.5.8.0
                CMSIS (Common Microcontroller Software Interface Standard)
   * Component: CORE Version: 5.5.0

Package Vendor: Keil
                http://www.keil.com/pack/Keil.STM32F4xx_DFP.2.15.0.pack
                Keil.STM32F4xx_DFP.2.15.0
                STMicroelectronics STM32F4 Series Device Support, Drivers and Examples

<h2>Collection of Component include folders:</h2>
  .\RTE\_Freetos_BoardA
  C:\Users\xuzhenxiang\AppData\Local\Arm\Packs\ARM\CMSIS\5.8.0\CMSIS\Core\Include
  C:\Users\xuzhenxiang\AppData\Local\Arm\Packs\Keil\STM32F4xx_DFP\2.15.0\Drivers\CMSIS\Device\ST\STM32F4xx\Include

<h2>Collection of Component Files used:</h2>

   * Component: ARM::CMSIS:CORE:5.5.0
      Include file:  CMSIS\Core\Include\tz_context.h
Build Time Elapsed:  00:00:06
</pre>
</body>
</html>
