Component: ARM Compiler 5.06 update 7 (build 960) Tool: armlink [4d3601]

==============================================================================

Section Cross References

    main.o(i.HAL_TIM_PeriodElapsedCallback) refers to stm32f4xx_hal.o(i.HAL_IncTick) for HAL_IncTick
    main.o(i.SystemClock_Config) refers to memseta.o(.text) for __aeabi_memclr4
    main.o(i.SystemClock_Config) refers to stm32f4xx_hal_rcc.o(i.HAL_RCC_OscConfig) for HAL_RCC_OscConfig
    main.o(i.SystemClock_Config) refers to stm32f4xx_hal_pwr_ex.o(i.HAL_PWREx_EnableOverDrive) for HAL_PWREx_EnableOverDrive
    main.o(i.SystemClock_Config) refers to stm32f4xx_hal_rcc.o(i.HAL_RCC_ClockConfig) for HAL_RCC_ClockConfig
    main.o(i.main) refers to stm32f4xx_hal_gpio.o(i.HAL_GPIO_ReadPin) for HAL_GPIO_ReadPin
    main.o(i.main) refers to pid.o(i.PID_Reset_right_position) for PID_Reset_right_position
    main.o(i.main) refers to pid.o(i.PID_Reset_left_position) for PID_Reset_left_position
    main.o(i.main) refers to pid.o(i.PID_Reset_left_ID1) for PID_Reset_left_ID1
    main.o(i.main) refers to pid.o(i.PID_Reset_right_ID2) for PID_Reset_right_ID2
    main.o(i.main) refers to stm32f4xx_hal.o(i.HAL_Init) for HAL_Init
    main.o(i.main) refers to main.o(i.SystemClock_Config) for SystemClock_Config
    main.o(i.main) refers to gpio.o(i.MX_GPIO_Init) for MX_GPIO_Init
    main.o(i.main) refers to can.o(i.MX_CAN1_Init) for MX_CAN1_Init
    main.o(i.main) refers to tim.o(i.MX_TIM2_Init) for MX_TIM2_Init
    main.o(i.main) refers to tim.o(i.MX_TIM3_Init) for MX_TIM3_Init
    main.o(i.main) refers to tim.o(i.MX_TIM8_Init) for MX_TIM8_Init
    main.o(i.main) refers to usart.o(i.MX_USART2_UART_Init) for MX_USART2_UART_Init
    main.o(i.main) refers to spi.o(i.MX_SPI5_Init) for MX_SPI5_Init
    main.o(i.main) refers to bsp_imu.o(i.mpu_device_init) for mpu_device_init
    main.o(i.main) refers to bsp_imu.o(i.init_quaternion) for init_quaternion
    main.o(i.main) refers to freertos.o(i.MX_FREERTOS_Init) for MX_FREERTOS_Init
    main.o(i.main) refers to cmsis_os.o(i.osKernelStart) for osKernelStart
    main.o(i.main) refers to pid.o(.data) for right_position
    main.o(i.main) refers to freertos.o(.bss) for right_pos_struct
    gpio.o(i.MX_GPIO_Init) refers to memseta.o(.text) for __aeabi_memclr4
    gpio.o(i.MX_GPIO_Init) refers to stm32f4xx_hal_gpio.o(i.HAL_GPIO_WritePin) for HAL_GPIO_WritePin
    gpio.o(i.MX_GPIO_Init) refers to stm32f4xx_hal_gpio.o(i.HAL_GPIO_Init) for HAL_GPIO_Init
    freertos.o(i.CAN_Send_Msg) refers to stm32f4xx_hal_can.o(i.HAL_CAN_AddTxMessage) for HAL_CAN_AddTxMessage
    freertos.o(i.CAN_Send_Msg) refers to freertos.o(.bss) for .bss
    freertos.o(i.CAN_Send_Msg) refers to freertos.o(.data) for .data
    freertos.o(i.CAN_Send_Msg) refers to can.o(.bss) for hcan1
    freertos.o(i.Debugging_DefaultTask) refers to f2d.o(.text) for __aeabi_f2d
    freertos.o(i.Debugging_DefaultTask) refers to printfa.o(i.__0printf) for __2printf
    freertos.o(i.Debugging_DefaultTask) refers to cmsis_os.o(i.osDelay) for osDelay
    freertos.o(i.Debugging_DefaultTask) refers to freertos.o(.data) for .data
    freertos.o(i.Debugging_DefaultTask) refers to freertos.o(.bss) for .bss
    freertos.o(i.Debugging_DefaultTask) refers to bsp_imu.o(.bss) for imu
    freertos.o(i.HAL_CAN_RxFifo0MsgPendingCallback) refers to stm32f4xx_hal_can.o(i.HAL_CAN_GetRxMessage) for HAL_CAN_GetRxMessage
    freertos.o(i.HAL_CAN_RxFifo0MsgPendingCallback) refers to printfa.o(i.__0printf) for __2printf
    freertos.o(i.HAL_CAN_RxFifo0MsgPendingCallback) refers to freertos.o(.data) for .data
    freertos.o(i.HAL_CAN_RxFifo0MsgPendingCallback) refers to freertos.o(.bss) for .bss
    freertos.o(i.M2006_DefaultTask) refers to queue.o(i.xQueueSemaphoreTake) for xQueueSemaphoreTake
    freertos.o(i.M2006_DefaultTask) refers to pid.o(i.PID_Calc) for PID_Calc
    freertos.o(i.M2006_DefaultTask) refers to freertos.o(i.CAN_Send_Msg) for CAN_Send_Msg
    freertos.o(i.M2006_DefaultTask) refers to freertos.o(.data) for .data
    freertos.o(i.M2006_DefaultTask) refers to freertos.o(.bss) for .bss
    freertos.o(i.MX_FREERTOS_Init) refers to queue.o(i.xQueueGenericCreate) for xQueueGenericCreate
    freertos.o(i.MX_FREERTOS_Init) refers to memcpya.o(.text) for __aeabi_memcpy4
    freertos.o(i.MX_FREERTOS_Init) refers to cmsis_os.o(i.osThreadCreate) for osThreadCreate
    freertos.o(i.MX_FREERTOS_Init) refers to stm32f4xx_hal_tim.o(i.HAL_TIM_Base_Start_IT) for HAL_TIM_Base_Start_IT
    freertos.o(i.MX_FREERTOS_Init) refers to stm32f4xx_hal_tim.o(i.HAL_TIM_PWM_Start_IT) for HAL_TIM_PWM_Start_IT
    freertos.o(i.MX_FREERTOS_Init) refers to freertos.o(.data) for .data
    freertos.o(i.MX_FREERTOS_Init) refers to freertos.o(.constdata) for .constdata
    freertos.o(i.MX_FREERTOS_Init) refers to tim.o(.bss) for htim2
    freertos.o(i.Mpu_DefaultTask) refers to cmsis_os.o(i.osDelay) for osDelay
    freertos.o(i.StartDefaultTask) refers to cmsis_os.o(i.osDelay) for osDelay
[...]
    i.vTaskMissedYield                       0x080064fc   Section        0  tasks.o(i.vTaskMissedYield)
    i.vTaskPlaceOnEventList                  0x08006508   Section        0  tasks.o(i.vTaskPlaceOnEventList)
    i.vTaskPriorityDisinheritAfterTimeout    0x08006538   Section        0  tasks.o(i.vTaskPriorityDisinheritAfterTimeout)
    i.vTaskStartScheduler                    0x080065d8   Section        0  tasks.o(i.vTaskStartScheduler)
    i.vTaskSuspendAll                        0x08006644   Section        0  tasks.o(i.vTaskSuspendAll)
    i.vTaskSwitchContext                     0x08006654   Section        0  tasks.o(i.vTaskSwitchContext)
    i.xPortStartScheduler                    0x080066b0   Section        0  port.o(i.xPortStartScheduler)
    i.xQueueGenericCreate                    0x080067a4   Section        0  queue.o(i.xQueueGenericCreate)
    i.xQueueGenericReset                     0x080067e8   Section        0  queue.o(i.xQueueGenericReset)
    i.xQueueGiveFromISR                      0x08006870   Section        0  queue.o(i.xQueueGiveFromISR)
    i.xQueueSemaphoreTake                    0x0800690c   Section        0  queue.o(i.xQueueSemaphoreTake)
    i.xTaskCheckForTimeOut                   0x08006a84   Section        0  tasks.o(i.xTaskCheckForTimeOut)
    i.xTaskCreate                            0x08006af8   Section        0  tasks.o(i.xTaskCreate)
    i.xTaskCreateStatic                      0x08006b52   Section        0  tasks.o(i.xTaskCreateStatic)
    i.xTaskGetSchedulerState                 0x08006ba8   Section        0  tasks.o(i.xTaskGetSchedulerState)
    i.xTaskIncrementTick                     0x08006bc4   Section        0  tasks.o(i.xTaskIncrementTick)
    i.xTaskPriorityInherit                   0x08006c90   Section        0  tasks.o(i.xTaskPriorityInherit)
    i.xTaskRemoveFromEventList               0x08006d1c   Section        0  tasks.o(i.xTaskRemoveFromEventList)
    i.xTaskResumeAll                         0x08006d90   Section        0  tasks.o(i.xTaskResumeAll)
    .constdata                               0x08006e54   Section      112  freertos.o(.constdata)
    .constdata                               0x08006ec4   Section       20  bsp_imu.o(.constdata)
    .constdata                               0x08006ed8   Section       16  system_stm32f4xx.o(.constdata)
    .constdata                               0x08006ee8   Section        8  system_stm32f4xx.o(.constdata)
    .constdata                               0x08006ef0   Section       80  asin.o(.constdata)
    pS                                       0x08006ef0   Data          48  asin.o(.constdata)
    qS                                       0x08006f20   Data          32  asin.o(.constdata)
    .constdata                               0x08006f40   Section      152  atan.o(.constdata)
    atanhi                                   0x08006f40   Data          32  atan.o(.constdata)
    atanlo                                   0x08006f60   Data          32  atan.o(.constdata)
    aTodd                                    0x08006f80   Data          40  atan.o(.constdata)
    aTeven                                   0x08006fa8   Data          48  atan.o(.constdata)
    .constdata                               0x08006fd8   Section        8  qnan.o(.constdata)
    .conststring                             0x08006fe0   Section       67  freertos.o(.conststring)
    .data                                    0x20000000   Section       44  freertos.o(.data)
    .data                                    0x2000002c   Section       16  can.o(.data)
    .data                                    0x2000003c   Section       96  bsp_imu.o(.data)
    tx                                       0x2000003c   Data           1  bsp_imu.o(.data)
    rx                                       0x2000003d   Data           1  bsp_imu.o(.data)
    gx                                       0x2000005c   Data           4  bsp_imu.o(.data)
    gy                                       0x20000060   Data           4  bsp_imu.o(.data)
    gz                                       0x20000064   Data           4  bsp_imu.o(.data)
    ax                                       0x20000068   Data           4  bsp_imu.o(.data)
    ay                                       0x2000006c   Data           4  bsp_imu.o(.data)
    az                                       0x20000070   Data           4  bsp_imu.o(.data)
    mx                                       0x20000074   Data           4  bsp_imu.o(.data)
    my                                       0x20000078   Data           4  bsp_imu.o(.data)
    mz                                       0x2000007c   Data           4  bsp_imu.o(.data)
    tx_buff                                  0x2000008e   Data          14  bsp_imu.o(.data)
    .data                                    0x2000009c   Section        8  pid.o(.data)
    .data                                    0x200000a4   Section       12  stm32f4xx_hal.o(.data)
    .data                                    0x200000b0   Section        4  system_stm32f4xx.o(.data)
    .data                                    0x200000b4   Section       60  tasks.o(.data)
    uxDeletedTasksWaitingCleanUp             0x200000b8   Data           4  tasks.o(.data)
    uxCurrentNumberOfTasks                   0x200000bc   Data           4  tasks.o(.data)
    xTickCount                               0x200000c0   Data           4  tasks.o(.data)
    uxTopReadyPriority                       0x200000c4   Data           4  tasks.o(.data)
    xSchedulerRunning                        0x200000c8   Data           4  tasks.o(.data)
    xPendedTicks                             0x200000cc   Data           4  tasks.o(.data)
    xYieldPending                            0x200000d0   Data           4  tasks.o(.data)
    xNumOfOverflows                          0x200000d4   Data           4  tasks.o(.data)
    uxTaskNumber                             0x200000d8   Data           4  tasks.o(.data)
    xNextTaskUnblockTime                     0x200000dc   Data           4  tasks.o(.data)
    xIdleTaskHandle                          0x200000e0   Data           4  tasks.o(.data)
    uxSchedulerSuspended                     0x200000e4   Data           4  tasks.o(.data)
    pxDelayedTaskList                        0x200000e8   Data           4  tasks.o(.data)
    pxOverflowDelayedTaskList                0x200000ec   Data           4  tasks.o(.data)
    .data                                    0x200000f0   Section       32  heap_4.o(.data)
    pxEnd                                    0x200000f0   Data           4  heap_4.o(.data)
    xFreeBytesRemaining                      0x200000f4   Data           4  heap_4.o(.data)
    xMinimumEverFreeBytesRemaining           0x200000f8   Data           4  heap_4.o(.data)
    xNumberOfSuccessfulAllocations           0x200000fc   Data           4  heap_4.o(.data)
    xNumberOfSuccessfulFrees                 0x20000100   Data           4  heap_4.o(.data)
    xBlockAllocatedBit                       0x20000104   Data           4  heap_4.o(.data)
    xStart                                   0x20000108   Data           8  heap_4.o(.data)
    .data                                    0x20000110   Section       12  port.o(.data)
    ucMaxSysCallPriority                     0x20000110   Data           1  port.o(.data)
    uxCriticalNesting                        0x20000114   Data           4  port.o(.data)
    ulMaxPRIGROUPValue                       0x20000118   Data           4  port.o(.data)
    .data                                    0x2000011c   Section        4  stdout.o(.data)
    .data                                    0x20000120   Section        4  errno.o(.data)
    _errno                                   0x20000120   Data           4  errno.o(.data)
    .bss                                     0x20000124   Section      896  freertos.o(.bss)
    xIdleTaskTCBBuffer                       0x20000240   Data         100  freertos.o(.bss)
    xIdleStack                               0x200002a4   Data         512  freertos.o(.bss)
    .bss                                     0x200004a4   Section       40  can.o(.bss)
    .bss                                     0x200004cc   Section      216  tim.o(.bss)
    .bss                                     0x200005a4   Section       68  usart.o(.bss)
    .bss                                     0x200005e8   Section       72  stm32f4xx_hal_timebase_tim.o(.bss)
    .bss                                     0x20000630   Section       98  bsp_imu.o(.bss)
    .bss                                     0x20000694   Section       88  spi.o(.bss)
    .bss                                     0x200006ec   Section      240  tasks.o(.bss)
    pxReadyTasksLists                        0x200006ec   Data         140  tasks.o(.bss)
    xDelayedTaskList1                        0x20000778   Data          20  tasks.o(.bss)
    xDelayedTaskList2                        0x2000078c   Data          20  tasks.o(.bss)
    xPendingReadyList                        0x200007a0   Data          20  tasks.o(.bss)
    xTasksWaitingTermination                 0x200007b4   Data          20  tasks.o(.bss)
    xSuspendedTaskList                       0x200007c8   Data          20  tasks.o(.bss)
    .bss                                     0x200007dc   Section    15360  heap_4.o(.bss)
    ucHeap                                   0x200007dc   Data       15360  heap_4.o(.bss)
    STACK                                    0x200043e0   Section     1024  startup_stm32f427xx.o(STACK)

    Global Symbols

    Symbol Name                              Value     Ov Type        Size  Object(Section)

    BuildAttributes$$THM_ISAv4$E$P$D$K$B$S$7EM$VFPi3$EXTD16$VFPS$VFMA$PE$A:L22UL41UL21$X:L11$S22US41US21$IEEE1$IW$USESV6$~STKCKD$USESV7$~SHL$OTIME$ROPI$IEEEX$EBA8$MICROLIB$REQ8$PRES8$EABIv2 0x00000000   Number         0  anon$$obj.o ABSOLUTE
    __ARM_use_no_argv                        0x00000000   Number         0  main.o ABSOLUTE
    _printf_a                                0x00000000   Number         0  stubs.o ABSOLUTE
    _printf_c                                0x00000000   Number         0  stubs.o ABSOLUTE
    _printf_charcount                        0x00000000   Number         0  stubs.o ABSOLUTE
    _printf_d                                0x00000000   Number         0  stubs.o ABSOLUTE
    _printf_e                                0x00000000   Number         0  stubs.o ABSOLUTE
    _printf_f                                0x00000000   Number         0  stubs.o ABSOLUTE
    _printf_flags                            0x00000000   Number         0  stubs.o ABSOLUTE
    _printf_fp_dec                           0x00000000   Number         0  stubs.o ABSOLUTE
    _printf_fp_hex                           0x00000000   Number         0  stubs.o ABSOLUTE
    _printf_g                                0x00000000   Number         0  stubs.o ABSOLUTE
    _printf_i                                0x00000000   Number         0  stubs.o ABSOLUTE
    _printf_int_dec                          0x00000000   Number         0  stubs.o ABSOLUTE
    _printf_l                                0x00000000   Number         0  stubs.o ABSOLUTE
    _printf_lc                               0x00000000   Number         0  stubs.o ABSOLUTE
    _printf_ll                               0x00000000   Number         0  stubs.o ABSOLUTE
    _printf_lld                              0x00000000   Number         0  stubs.o ABSOLUTE
    _printf_lli                              0x00000000   Number         0  stubs.o ABSOLUTE
    _printf_llo                              0x00000000   Number         0  stubs.o ABSOLUTE
    _printf_llu                              0x00000000   Number         0  stubs.o ABSOLUTE
    _printf_llx                              0x00000000   Number         0  stubs.o ABSOLUTE
    _printf_longlong_dec                     0x00000000   Number         0  stubs.o ABSOLUTE
    _printf_longlong_hex                     0x00000000   Number         0  stubs.o ABSOLUTE
    _printf_longlong_oct                     0x00000000   Number         0  stubs.o ABSOLUTE
    _printf_ls                               0x00000000   Number         0  stubs.o ABSOLUTE
    _printf_mbtowc                           0x00000000   Number         0  stubs.o ABSOLUTE
    _printf_n                                0x00000000   Number         0  stubs.o ABSOLUTE
    _printf_o                                0x00000000   Number         0  stubs.o ABSOLUTE
    _printf_p                                0x00000000   Number         0  stubs.o ABSOLUTE
    _printf_percent                          0x00000000   Number         0  stubs.o ABSOLUTE
    _printf_pre_padding                      0x00000000   Number         0  stubs.o ABSOLUTE
    _printf_return_value                     0x00000000   Number         0  stubs.o ABSOLUTE
    _printf_s                                0x00000000   Number         0  stubs.o ABSOLUTE
    _printf_sizespec                         0x00000000   Number         0  stubs.o ABSOLUTE
    _printf_str                              0x00000000   Number         0  stubs.o ABSOLUTE
    _printf_truncate_signed                  0x00000000   Number         0  stubs.o ABSOLUTE
    _printf_truncate_unsigned                0x00000000   Number         0  stubs.o ABSOLUTE
    _printf_u                                0x00000000   Number         0  stubs.o ABSOLUTE
    _printf_wc                               0x00000000   Number         0  stubs.o ABSOLUTE
    _printf_wctomb                           0x00000000   Number         0  stubs.o ABSOLUTE
    _printf_widthprec                        0x00000000   Number         0  stubs.o ABSOLUTE
    _printf_x                                0x00000000   Number         0  stubs.o ABSOLUTE
    __arm_fini_                               - Undefined Weak Reference
    __cpp_initialize__aeabi_                  - Undefined Weak Reference
    __cxa_finalize                            - Undefined Weak Reference
    __decompress                              - Undefined Weak Reference
    _clock_init                               - Undefined Weak Reference
    _microlib_exit                            - Undefined Weak Reference
    __Vectors_Size                           0x000001ac   Number         0  startup_stm32f427xx.o ABSOLUTE
    __Vectors                                0x08000000   Data           4  startup_stm32f427xx.o(RESET)
    __Vectors_End                            0x080001ac   Data           0  startup_stm32f427xx.o(RESET)
    __main                                   0x080001ad   Thumb Code     0  entry.o(.ARM.Collect$$$$00000000)
    _main_stk                                0x080001ad   Thumb Code     0  entry2.o(.ARM.Collect$$$$00000001)
    _main_scatterload                        0x080001b1   Thumb Code     0  entry5.o(.ARM.Collect$$$$00000004)
    __main_after_scatterload                 0x080001b5   Thumb Code     0  entry5.o(.ARM.Collect$$$$00000004)
    _main_clock                              0x080001b5   Thumb Code     0  entry7b.o(.ARM.Collect$$$$00000008)
    _main_cpp_init                           0x080001b5   Thumb Code     0  entry8b.o(.ARM.Collect$$$$0000000A)
    _main_init                               0x080001b5   Thumb Code     0  entry9a.o(.ARM.Collect$$$$0000000B)
    __rt_lib_shutdown_fini                   0x080001bd   Thumb Code     0  entry12b.o(.ARM.Collect$$$$0000000E)
    __rt_final_cpp                           0x080001c1   Thumb Code     0  entry10a.o(.ARM.Collect$$$$0000000F)
    __rt_final_exit                          0x080001c1   Thumb Code     0  entry11a.o(.ARM.Collect$$$$00000011)
    SVC_Handler                              0x080001c5   Thumb Code    28  port.o(.emb_text)
    __asm___6_port_c_39a90d8d__prvStartFirstTask 0x080001e5   Thumb Code    36  port.o(.emb_text)
    __asm___6_port_c_39a90d8d__prvEnableVFP  0x0800020d   Thumb Code    16  port.o(.emb_text)
    PendSV_Handler                           0x08000221   Thumb Code    88  port.o(.emb_text)
    vPortGetIPSR                             0x0800027d   Thumb Code     6  port.o(.emb_text)
    Reset_Handler                            0x08000285   Thumb Code     8  startup_stm32f427xx.o(.text)
    ADC_IRQHandler                           0x0800029f   Thumb Code     0  startup_stm32f427xx.o(.text)
    CAN1_RX1_IRQHandler                      0x0800029f   Thumb Code     0  startup_stm32f427xx.o(.text)
    CAN1_SCE_IRQHandler                      0x0800029f   Thumb Code     0  startup_stm32f427xx.o(.text)
    CAN1_TX_IRQHandler                       0x0800029f   Thumb Code     0  startup_stm32f427xx.o(.text)
    CAN2_RX0_IRQHandler                      0x0800029f   Thumb Code     0  startup_stm32f427xx.o(.text)
    CAN2_RX1_IRQHandler                      0x0800029f   Thumb Code     0  startup_stm32f427xx.o(.text)
    CAN2_SCE_IRQHandler                      0x0800029f   Thumb Code     0  startup_stm32f427xx.o(.text)
    CAN2_TX_IRQHandler                       0x0800029f   Thumb Code     0  startup_stm32f427xx.o(.text)
    DCMI_IRQHandler                          0x0800029f   Thumb Code     0  startup_stm32f427xx.o(.text)
    DMA1_Stream0_IRQHandler                  0x0800029f   Thumb Code     0  startup_stm32f427xx.o(.text)
    DMA1_Stream1_IRQHandler                  0x0800029f   Thumb Code     0  startup_stm32f427xx.o(.text)
    DMA1_Stream2_IRQHandler                  0x0800029f   Thumb Code     0  startup_stm32f427xx.o(.text)
    DMA1_Stream3_IRQHandler                  0x0800029f   Thumb Code     0  startup_stm32f427xx.o(.text)
    DMA1_Stream4_IRQHandler                  0x0800029f   Thumb Code     0  startup_stm32f427xx.o(.text)
    DMA1_Stream5_IRQHandler                  0x0800029f   Thumb Code     0  startup_stm32f427xx.o(.text)
    DMA1_Stream6_IRQHandler                  0x0800029f   Thumb Code     0  startup_stm32f427xx.o(.text)
    DMA1_Stream7_IRQHandler                  0x0800029f   Thumb Code     0  startup_stm32f427xx.o(.text)
    DMA2D_IRQHandler                         0x0800029f   Thumb Code     0  startup_stm32f427xx.o(.text)
    DMA2_Stream0_IRQHandler                  0x0800029f   Thumb Code     0  startup_stm32f427xx.o(.text)
    DMA2_Stream1_IRQHandler                  0x0800029f   Thumb Code     0  startup_stm32f427xx.o(.text)
    DMA2_Stream2_IRQHandler                  0x0800029f   Thumb Code     0  startup_stm32f427xx.o(.text)
    DMA2_Stream3_IRQHandler                  0x0800029f   Thumb Code     0  startup_stm32f427xx.o(.text)
    DMA2_Stream4_IRQHandler                  0x0800029f   Thumb Code     0  startup_stm32f427xx.o(.text)
    DMA2_Stream5_IRQHandler                  0x0800029f   Thumb Code     0  startup_stm32f427xx.o(.text)
    DMA2_Stream6_IRQHandler                  0x0800029f   Thumb Code     0  startup_stm32f427xx.o(.text)
    DMA2_Stream7_IRQHandler                  0x0800029f   Thumb Code     0  startup_stm32f427xx.o(.text)
    ETH_IRQHandler                           0x0800029f   Thumb Code     0  startup_stm32f427xx.o(.text)
    ETH_WKUP_IRQHandler                      0x0800029f   Thumb Code     0  startup_stm32f427xx.o(.text)
    EXTI0_IRQHandler                         0x0800029f   Thumb Code     0  startup_stm32f427xx.o(.text)
    EXTI15_10_IRQHandler                     0x0800029f   Thumb Code     0  startup_stm32f427xx.o(.text)
    EXTI1_IRQHandler                         0x0800029f   Thumb Code     0  startup_stm32f427xx.o(.text)
    EXTI2_IRQHandler                         0x0800029f   Thumb Code     0  startup_stm32f427xx.o(.text)
    EXTI3_IRQHandler                         0x0800029f   Thumb Code     0  startup_stm32f427xx.o(.text)
    EXTI4_IRQHandler                         0x0800029f   Thumb Code     0  startup_stm32f427xx.o(.text)
    EXTI9_5_IRQHandler                       0x0800029f   Thumb Code     0  startup_stm32f427xx.o(.text)
    FLASH_IRQHandler                         0x0800029f   Thumb Code     0  startup_stm32f427xx.o(.text)
    FMC_IRQHandler                           0x0800029f   Thumb Code     0  startup_stm32f427xx.o(.text)
    FPU_IRQHandler                           0x0800029f   Thumb Code     0  startup_stm32f427xx.o(.text)
    HASH_RNG_IRQHandler                      0x0800029f   Thumb Code     0  startup_stm32f427xx.o(.text)
    I2C1_ER_IRQHandler                       0x0800029f   Thumb Code     0  startup_stm32f427xx.o(.text)
    I2C1_EV_IRQHandler                       0x0800029f   Thumb Code     0  startup_stm32f427xx.o(.text)
    I2C2_ER_IRQHandler                       0x0800029f   Thumb Code     0  startup_stm32f427xx.o(.text)
    I2C2_EV_IRQHandler                       0x0800029f   Thumb Code     0  startup_stm32f427xx.o(.text)
    I2C3_ER_IRQHandler                       0x0800029f   Thumb Code     0  startup_stm32f427xx.o(.text)
    I2C3_EV_IRQHandler                       0x0800029f   Thumb Code     0  startup_stm32f427xx.o(.text)
    OTG_FS_IRQHandler                        0x0800029f   Thumb Code     0  startup_stm32f427xx.o(.text)
    OTG_FS_WKUP_IRQHandler                   0x0800029f   Thumb Code     0  startup_stm32f427xx.o(.text)
    OTG_HS_EP1_IN_IRQHandler                 0x0800029f   Thumb Code     0  startup_stm32f427xx.o(.text)
    OTG_HS_EP1_OUT_IRQHandler                0x0800029f   Thumb Code     0  startup_stm32f427xx.o(.text)
    OTG_HS_IRQHandler                        0x0800029f   Thumb Code     0  startup_stm32f427xx.o(.text)
    OTG_HS_WKUP_IRQHandler                   0x0800029f   Thumb Code     0  startup_stm32f427xx.o(.text)
    PVD_IRQHandler                           0x0800029f   Thumb Code     0  startup_stm32f427xx.o(.text)
    RCC_IRQHandler                           0x0800029f   Thumb Code     0  startup_stm32f427xx.o(.text)
    RTC_Alarm_IRQHandler                     0x0800029f   Thumb Code     0  startup_stm32f427xx.o(.text)
    RTC_WKUP_IRQHandler                      0x0800029f   Thumb Code     0  startup_stm32f427xx.o(.text)
    SAI1_IRQHandler                          0x0800029f   Thumb Code     0  startup_stm32f427xx.o(.text)
    SDIO_IRQHandler                          0x0800029f   Thumb Code     0  startup_stm32f427xx.o(.text)
    SPI1_IRQHandler                          0x0800029f   Thumb Code     0  startup_stm32f427xx.o(.text)
    SPI2_IRQHandler                          0x0800029f   Thumb Code     0  startup_stm32f427xx.o(.text)
    SPI3_IRQHandler                          0x0800029f   Thumb Code     0  startup_stm32f427xx.o(.text)
    SPI4_IRQHandler                          0x0800029f   Thumb Code     0  startup_stm32f427xx.o(.text)
    SPI5_IRQHandler                          0x0800029f   Thumb Code     0  startup_stm32f427xx.o(.text)
    SPI6_IRQHandler                          0x0800029f   Thumb Code     0  startup_stm32f427xx.o(.text)
    TAMP_STAMP_IRQHandler                    0x0800029f   Thumb Code     0  startup_stm32f427xx.o(.text)
    TIM1_BRK_TIM9_IRQHandler                 0x0800029f   Thumb Code     0  startup_stm32f427xx.o(.text)
    TIM1_CC_IRQHandler                       0x0800029f   Thumb Code     0  startup_stm32f427xx.o(.text)
    TIM1_TRG_COM_TIM11_IRQHandler            0x0800029f   Thumb Code     0  startup_stm32f427xx.o(.text)
    TIM4_IRQHandler                          0x0800029f   Thumb Code     0  startup_stm32f427xx.o(.text)
    TIM5_IRQHandler                          0x0800029f   Thumb Code     0  startup_stm32f427xx.o(.text)
    TIM6_DAC_IRQHandler                      0x0800029f   Thumb Code     0  startup_stm32f427xx.o(.text)
    TIM7_IRQHandler                          0x0800029f   Thumb Code     0  startup_stm32f427xx.o(.text)
    TIM8_BRK_TIM12_IRQHandler                0x0800029f   Thumb Code     0  startup_stm32f427xx.o(.text)
    TIM8_CC_IRQHandler                       0x0800029f   Thumb Code     0  startup_stm32f427xx.o(.text)
    TIM8_TRG_COM_TIM14_IRQHandler            0x0800029f   Thumb Code     0  startup_stm32f427xx.o(.text)
    TIM8_UP_TIM13_IRQHandler                 0x0800029f   Thumb Code     0  startup_stm32f427xx.o(.text)
    UART4_IRQHandler                         0x0800029f   Thumb Code     0  startup_stm32f427xx.o(.text)
    UART5_IRQHandler                         0x0800029f   Thumb Code     0  startup_stm32f427xx.o(.text)
    UART7_IRQHandler                         0x0800029f   Thumb Code     0  startup_stm32f427xx.o(.text)
    UART8_IRQHandler                         0x0800029f   Thumb Code     0  startup_stm32f427xx.o(.text)
    USART1_IRQHandler                        0x0800029f   Thumb Code     0  startup_stm32f427xx.o(.text)
    USART3_IRQHandler                        0x0800029f   Thumb Code     0  startup_stm32f427xx.o(.text)
    USART6_IRQHandler                        0x0800029f   Thumb Code     0  startup_stm32f427xx.o(.text)
    WWDG_IRQHandler                          0x0800029f   Thumb Code     0  startup_stm32f427xx.o(.text)
    __aeabi_uldivmod                         0x080002a9   Thumb Code    98  uldiv.o(.text)
    __aeabi_memcpy                           0x0800030b   Thumb Code    36  memcpya.o(.text)
    __aeabi_memcpy4                          0x0800030b   Thumb Code     0  memcpya.o(.text)
    __aeabi_memcpy8                          0x0800030b   Thumb Code     0  memcpya.o(.text)
    __aeabi_memset                           0x0800032f   Thumb Code    14  memseta.o(.text)
    __aeabi_memset4                          0x0800032f   Thumb Code     0  memseta.o(.text)
    __aeabi_memset8                          0x0800032f   Thumb Code     0  memseta.o(.text)
    __aeabi_memclr                           0x0800033d   Thumb Code     4  memseta.o(.text)
    __aeabi_memclr4                          0x0800033d   Thumb Code     0  memseta.o(.text)
    __aeabi_memclr8                          0x0800033d   Thumb Code     0  memseta.o(.text)
    memset                                   0x08000341   Thumb Code    18  memseta.o(.text)
    __aeabi_dmul                             0x08000353   Thumb Code   228  dmul.o(.text)
    __aeabi_i2d                              0x08000437   Thumb Code    34  dflti.o(.text)
    __aeabi_f2d                              0x08000459   Thumb Code    38  f2d.o(.text)
    __aeabi_cdrcmple                         0x08000481   Thumb Code    48  cdrcmple.o(.text)
    __aeabi_d2f                              0x080004b1   Thumb Code    56  d2f.o(.text)
    __aeabi_uidiv                            0x080004e9   Thumb Code     0  uidiv.o(.text)
    __aeabi_uidivmod                         0x080004e9   Thumb Code    44  uidiv.o(.text)
    __aeabi_llsl                             0x08000515   Thumb Code    30  llshl.o(.text)
    _ll_shift_l                              0x08000515   Thumb Code     0  llshl.o(.text)
    __aeabi_llsr                             0x08000533   Thumb Code    32  llushr.o(.text)
    _ll_ushift_r                             0x08000533   Thumb Code     0  llushr.o(.text)
    __I$use$fp                               0x08000553   Thumb Code     0  iusefp.o(.text)
    _float_round                             0x08000553   Thumb Code    18  fepilogue.o(.text)
    _float_epilogue                          0x08000565   Thumb Code    92  fepilogue.o(.text)
    _double_round                            0x080005c1   Thumb Code    30  depilogue.o(.text)
    _double_epilogue                         0x080005df   Thumb Code   156  depilogue.o(.text)
    __aeabi_dadd                             0x0800067b   Thumb Code   322  dadd.o(.text)
    __aeabi_dsub                             0x080007bd   Thumb Code     6  dadd.o(.text)
    __aeabi_drsub                            0x080007c3   Thumb Code     6  dadd.o(.text)
    __aeabi_ddiv                             0x080007c9   Thumb Code   222  ddiv.o(.text)
    _dsqrt                                   0x080008a7   Thumb Code   162  dsqrt.o(.text)
    __aeabi_d2ulz                            0x08000949   Thumb Code    48  dfixul.o(.text)
    __aeabi_cdcmpeq                          0x08000979   Thumb Code     0  cdcmple.o(.text)
    __aeabi_cdcmple                          0x08000979   Thumb Code    48  cdcmple.o(.text)
    __scatterload                            0x080009a9   Thumb Code    28  init.o(.text)
    __scatterload_rt2                        0x080009a9   Thumb Code     0  init.o(.text)
    __aeabi_lasr                             0x080009cd   Thumb Code    36  llsshr.o(.text)
    _ll_sshift_r                             0x080009cd   Thumb Code     0  llsshr.o(.text)
    BusFault_Handler                         0x080009f1   Thumb Code     2  stm32f4xx_it.o(i.BusFault_Handler)
    CAN1_RX0_IRQHandler                      0x080009f5   Thumb Code     6  stm32f4xx_it.o(i.CAN1_RX0_IRQHandler)
    CAN_Send_Msg                             0x08000a01   Thumb Code    56  freertos.o(i.CAN_Send_Msg)
    DebugMon_Handler                         0x08000a45   Thumb Code     2  stm32f4xx_it.o(i.DebugMon_Handler)
    Debugging_DefaultTask                    0x08000a49   Thumb Code   230  freertos.o(i.Debugging_DefaultTask)
    Error_Handler                            0x08000b8d   Thumb Code     4  main.o(i.Error_Handler)
    HAL_CAN_ActivateNotification             0x08000b91   Thumb Code    36  stm32f4xx_hal_can.o(i.HAL_CAN_ActivateNotification)
    HAL_CAN_AddTxMessage                     0x08000bb5   Thumb Code   220  stm32f4xx_hal_can.o(i.HAL_CAN_AddTxMessage)
    HAL_CAN_ConfigFilter                     0x08000c91   Thumb Code   262  stm32f4xx_hal_can.o(i.HAL_CAN_ConfigFilter)
    HAL_CAN_ErrorCallback                    0x08000d9d   Thumb Code     2  stm32f4xx_hal_can.o(i.HAL_CAN_ErrorCallback)
    HAL_CAN_GetRxMessage                     0x08000d9f   Thumb Code   232  stm32f4xx_hal_can.o(i.HAL_CAN_GetRxMessage)
    HAL_CAN_IRQHandler                       0x08000e87   Thumb Code   508  stm32f4xx_hal_can.o(i.HAL_CAN_IRQHandler)
    HAL_CAN_Init                             0x08001083   Thumb Code   282  stm32f4xx_hal_can.o(i.HAL_CAN_Init)
    HAL_CAN_MspInit                          0x0800119d   Thumb Code   106  can.o(i.HAL_CAN_MspInit)
    HAL_CAN_RxFifo0FullCallback              0x08001215   Thumb Code     2  stm32f4xx_hal_can.o(i.HAL_CAN_RxFifo0FullCallback)
    HAL_CAN_RxFifo0MsgPendingCallback        0x08001219   Thumb Code   180  freertos.o(i.HAL_CAN_RxFifo0MsgPendingCallback)
    HAL_CAN_RxFifo1FullCallback              0x080012e5   Thumb Code     2  stm32f4xx_hal_can.o(i.HAL_CAN_RxFifo1FullCallback)
    HAL_CAN_RxFifo1MsgPendingCallback        0x080012e7   Thumb Code     2  stm32f4xx_hal_can.o(i.HAL_CAN_RxFifo1MsgPendingCallback)
    HAL_CAN_SleepCallback                    0x080012e9   Thumb Code     2  stm32f4xx_hal_can.o(i.HAL_CAN_SleepCallback)
    HAL_CAN_Start                            0x080012ed   Thumb Code    88  stm32f4xx_hal_can.o(i.HAL_CAN_Start)
    HAL_CAN_TxMailbox0AbortCallback          0x08001345   Thumb Code     2  stm32f4xx_hal_can.o(i.HAL_CAN_TxMailbox0AbortCallback)
    HAL_CAN_TxMailbox0CompleteCallback       0x08001347   Thumb Code     2  stm32f4xx_hal_can.o(i.HAL_CAN_TxMailbox0CompleteCallback)
    HAL_CAN_TxMailbox1AbortCallback          0x08001349   Thumb Code     2  stm32f4xx_hal_can.o(i.HAL_CAN_TxMailbox1AbortCallback)
    HAL_CAN_TxMailbox1CompleteCallback       0x0800134b   Thumb Code     2  stm32f4xx_hal_can.o(i.HAL_CAN_TxMailbox1CompleteCallback)
    HAL_CAN_TxMailbox2AbortCallback          0x0800134d   Thumb Code     2  stm32f4xx_hal_can.o(i.HAL_CAN_TxMailbox2AbortCallback)
    HAL_CAN_TxMailbox2CompleteCallback       0x0800134f   Thumb Code     2  stm32f4xx_hal_can.o(i.HAL_CAN_TxMailbox2CompleteCallback)
    HAL_CAN_WakeUpFromRxMsgCallback          0x08001351   Thumb Code     2  stm32f4xx_hal_can.o(i.HAL_CAN_WakeUpFromRxMsgCallback)
    HAL_DMA_Abort                            0x08001353   Thumb Code   142  stm32f4xx_hal_dma.o(i.HAL_DMA_Abort)
    HAL_DMA_Abort_IT                         0x080013e1   Thumb Code    36  stm32f4xx_hal_dma.o(i.HAL_DMA_Abort_IT)
    HAL_Delay                                0x08001405   Thumb Code    32  stm32f4xx_hal.o(i.HAL_Delay)
    HAL_GPIO_Init                            0x08001429   Thumb Code   508  stm32f4xx_hal_gpio.o(i.HAL_GPIO_Init)
    HAL_GPIO_ReadPin                         0x08001659   Thumb Code    10  stm32f4xx_hal_gpio.o(i.HAL_GPIO_ReadPin)
    HAL_GPIO_WritePin                        0x08001663   Thumb Code    10  stm32f4xx_hal_gpio.o(i.HAL_GPIO_WritePin)
    HAL_GetTick                              0x0800166d   Thumb Code     6  stm32f4xx_hal.o(i.HAL_GetTick)
    HAL_IncTick                              0x08001679   Thumb Code    12  stm32f4xx_hal.o(i.HAL_IncTick)
    HAL_Init                                 0x08001689   Thumb Code    48  stm32f4xx_hal.o(i.HAL_Init)
    HAL_InitTick                             0x080016bd   Thumb Code   100  stm32f4xx_hal_timebase_tim.o(i.HAL_InitTick)
    HAL_MspInit                              0x08001731   Thumb Code    52  stm32f4xx_hal_msp.o(i.HAL_MspInit)
    HAL_NVIC_EnableIRQ                       0x08001769   Thumb Code    26  stm32f4xx_hal_cortex.o(i.HAL_NVIC_EnableIRQ)
    HAL_NVIC_SetPriority                     0x08001785   Thumb Code    60  stm32f4xx_hal_cortex.o(i.HAL_NVIC_SetPriority)
    HAL_NVIC_SetPriorityGrouping             0x080017c5   Thumb Code    26  stm32f4xx_hal_cortex.o(i.HAL_NVIC_SetPriorityGrouping)
    HAL_PWREx_EnableOverDrive                0x080017e9   Thumb Code    98  stm32f4xx_hal_pwr_ex.o(i.HAL_PWREx_EnableOverDrive)
    HAL_RCC_ClockConfig                      0x08001859   Thumb Code   288  stm32f4xx_hal_rcc.o(i.HAL_RCC_ClockConfig)
    HAL_RCC_GetClockConfig                   0x0800198d   Thumb Code    54  stm32f4xx_hal_rcc.o(i.HAL_RCC_GetClockConfig)
    HAL_RCC_GetPCLK1Freq                     0x080019cd   Thumb Code    20  stm32f4xx_hal_rcc.o(i.HAL_RCC_GetPCLK1Freq)
    HAL_RCC_GetPCLK2Freq                     0x080019ed   Thumb Code    20  stm32f4xx_hal_rcc.o(i.HAL_RCC_GetPCLK2Freq)
    HAL_RCC_GetSysClockFreq                  0x08001a0d   Thumb Code    88  stm32f4xx_hal_rcc.o(i.HAL_RCC_GetSysClockFreq)
    HAL_RCC_OscConfig                        0x08001a71   Thumb Code   856  stm32f4xx_hal_rcc.o(i.HAL_RCC_OscConfig)
    HAL_SPI_Init                             0x08001ddd   Thumb Code   188  stm32f4xx_hal_spi.o(i.HAL_SPI_Init)
    HAL_SPI_MspInit                          0x08001e99   Thumb Code    64  spi.o(i.HAL_SPI_MspInit)
    HAL_SPI_TransmitReceive                  0x08001ee5   Thumb Code   482  stm32f4xx_hal_spi.o(i.HAL_SPI_TransmitReceive)
    HAL_TIMEx_BreakCallback                  0x080020c7   Thumb Code     2  stm32f4xx_hal_tim_ex.o(i.HAL_TIMEx_BreakCallback)
    HAL_TIMEx_CommutCallback                 0x080020c9   Thumb Code     2  stm32f4xx_hal_tim_ex.o(i.HAL_TIMEx_CommutCallback)
    HAL_TIMEx_ConfigBreakDeadTime            0x080020cb   Thumb Code    84  stm32f4xx_hal_tim_ex.o(i.HAL_TIMEx_ConfigBreakDeadTime)
    HAL_TIMEx_MasterConfigSynchronization    0x08002121   Thumb Code   116  stm32f4xx_hal_tim_ex.o(i.HAL_TIMEx_MasterConfigSynchronization)
    HAL_TIM_Base_Init                        0x080021b1   Thumb Code    90  stm32f4xx_hal_tim.o(i.HAL_TIM_Base_Init)
    HAL_TIM_Base_MspInit                     0x0800220d   Thumb Code   112  tim.o(i.HAL_TIM_Base_MspInit)
    HAL_TIM_Base_Start_IT                    0x08002289   Thumb Code   100  stm32f4xx_hal_tim.o(i.HAL_TIM_Base_Start_IT)
    HAL_TIM_ConfigClockSource                0x08002309   Thumb Code   214  stm32f4xx_hal_tim.o(i.HAL_TIM_ConfigClockSource)
    HAL_TIM_IC_CaptureCallback               0x080023df   Thumb Code     2  stm32f4xx_hal_tim.o(i.HAL_TIM_IC_CaptureCallback)
    HAL_TIM_IRQHandler                       0x080023e1   Thumb Code   358  stm32f4xx_hal_tim.o(i.HAL_TIM_IRQHandler)
    HAL_TIM_MspPostInit                      0x08002549   Thumb Code    70  tim.o(i.HAL_TIM_MspPostInit)
    HAL_TIM_OC_DelayElapsedCallback          0x0800259d   Thumb Code     2  stm32f4xx_hal_tim.o(i.HAL_TIM_OC_DelayElapsedCallback)
    HAL_TIM_PWM_ConfigChannel                0x0800259f   Thumb Code   198  stm32f4xx_hal_tim.o(i.HAL_TIM_PWM_ConfigChannel)
    HAL_TIM_PWM_Init                         0x08002665   Thumb Code    90  stm32f4xx_hal_tim.o(i.HAL_TIM_PWM_Init)
    HAL_TIM_PWM_MspInit                      0x080026bf   Thumb Code     2  stm32f4xx_hal_tim.o(i.HAL_TIM_PWM_MspInit)
    HAL_TIM_PWM_PulseFinishedCallback        0x080026c1   Thumb Code     2  stm32f4xx_hal_tim.o(i.HAL_TIM_PWM_PulseFinishedCallback)
    HAL_TIM_PWM_Start_IT                     0x080026c5   Thumb Code   212  stm32f4xx_hal_tim.o(i.HAL_TIM_PWM_Start_IT)
    HAL_TIM_PeriodElapsedCallback            0x080027b5   Thumb Code    14  main.o(i.HAL_TIM_PeriodElapsedCallback)
    HAL_TIM_TriggerCallback                  0x080027c9   Thumb Code     2  stm32f4xx_hal_tim.o(i.HAL_TIM_TriggerCallback)
    HAL_UARTEx_RxEventCallback               0x080027cb   Thumb Code     2  stm32f4xx_hal_uart.o(i.HAL_UARTEx_RxEventCallback)
    HAL_UART_ErrorCallback                   0x080027cd   Thumb Code     2  stm32f4xx_hal_uart.o(i.HAL_UART_ErrorCallback)
    HAL_UART_IRQHandler                      0x080027d1   Thumb Code   522  stm32f4xx_hal_uart.o(i.HAL_UART_IRQHandler)
    HAL_UART_Init                            0x080029e1   Thumb Code    98  stm32f4xx_hal_uart.o(i.HAL_UART_Init)
    HAL_UART_MspInit                         0x08002a45   Thumb Code   108  usart.o(i.HAL_UART_MspInit)
    HAL_UART_RxCpltCallback                  0x08002abd   Thumb Code     2  stm32f4xx_hal_uart.o(i.HAL_UART_RxCpltCallback)
    HAL_UART_Transmit                        0x08002ac1   Thumb Code   178  stm32f4xx_hal_uart.o(i.HAL_UART_Transmit)
    HAL_UART_TxCpltCallback                  0x08002b73   Thumb Code     2  stm32f4xx_hal_uart.o(i.HAL_UART_TxCpltCallback)
    HardFault_Handler                        0x08002b75   Thumb Code     2  stm32f4xx_it.o(i.HardFault_Handler)
    M2006_DefaultTask                        0x08002b79   Thumb Code   414  freertos.o(i.M2006_DefaultTask)
    MX_CAN1_Init                             0x08002d35   Thumb Code   136  can.o(i.MX_CAN1_Init)
    MX_FREERTOS_Init                         0x08002dc9   Thumb Code   128  freertos.o(i.MX_FREERTOS_Init)
    MX_GPIO_Init                             0x08002e5d   Thumb Code   190  gpio.o(i.MX_GPIO_Init)
    MX_SPI5_Init                             0x08002f2d   Thumb Code    56  spi.o(i.MX_SPI5_Init)
    MX_TIM2_Init                             0x08002f6d   Thumb Code    98  tim.o(i.MX_TIM2_Init)
    MX_TIM3_Init                             0x08002fd5   Thumb Code    96  tim.o(i.MX_TIM3_Init)
    MX_TIM8_Init                             0x0800303d   Thumb Code   242  tim.o(i.MX_TIM8_Init)
    MX_USART2_UART_Init                      0x08003139   Thumb Code    48  usart.o(i.MX_USART2_UART_Init)
    MemManage_Handler                        0x08003171   Thumb Code     2  stm32f4xx_it.o(i.MemManage_Handler)
    Mpu_DefaultTask                          0x08003173   Thumb Code    12  freertos.o(i.Mpu_DefaultTask)
    NMI_Handler                              0x0800317f   Thumb Code     2  stm32f4xx_it.o(i.NMI_Handler)
    PID_Calc                                 0x08003181   Thumb Code   182  pid.o(i.PID_Calc)
    PID_Reset_left_ID1                       0x08003239   Thumb Code    66  pid.o(i.PID_Reset_left_ID1)
    PID_Reset_left_position                  0x0800328d   Thumb Code    72  pid.o(i.PID_Reset_left_position)
    PID_Reset_right_ID2                      0x080032e5   Thumb Code    66  pid.o(i.PID_Reset_right_ID2)
    PID_Reset_right_position                 0x08003339   Thumb Code    76  pid.o(i.PID_Reset_right_position)
    Steering_DefaultTask                     0x080034a5   Thumb Code    10  freertos.o(i.Steering_DefaultTask)
    SysTick_Handler                          0x080034b5   Thumb Code    38  port.o(i.SysTick_Handler)
    SystemClock_Config                       0x080034e1   Thumb Code   150  main.o(i.SystemClock_Config)
    SystemInit                               0x08003581   Thumb Code    12  system_stm32f4xx.o(i.SystemInit)
    TIM1_UP_TIM10_IRQHandler                 0x08003591   Thumb Code     6  stm32f4xx_it.o(i.TIM1_UP_TIM10_IRQHandler)
    TIM2_IRQHandler                          0x0800359d   Thumb Code    46  stm32f4xx_it.o(i.TIM2_IRQHandler)
    TIM3_IRQHandler                          0x080035d5   Thumb Code    44  stm32f4xx_it.o(i.TIM3_IRQHandler)
    TIM_Base_SetConfig                       0x08003605   Thumb Code   156  stm32f4xx_hal_tim.o(i.TIM_Base_SetConfig)
    TIM_CCxChannelCmd                        0x080036cd   Thumb Code    26  stm32f4xx_hal_tim.o(i.TIM_CCxChannelCmd)
    TIM_ETR_SetConfig                        0x080036e7   Thumb Code    20  stm32f4xx_hal_tim.o(i.TIM_ETR_SetConfig)
    TIM_OC2_SetConfig                        0x0800376d   Thumb Code    98  stm32f4xx_hal_tim.o(i.TIM_OC2_SetConfig)
    USART2_IRQHandler                        0x08003b35   Thumb Code    32  stm32f4xx_it.o(i.USART2_IRQHandler)
    UsageFault_Handler                       0x08003b59   Thumb Code     2  stm32f4xx_it.o(i.UsageFault_Handler)
    __0printf                                0x08003b5d   Thumb Code    22  printfa.o(i.__0printf)
    __1printf                                0x08003b5d   Thumb Code     0  printfa.o(i.__0printf)
    __2printf                                0x08003b5d   Thumb Code     0  printfa.o(i.__0printf)
    __c89printf                              0x08003b5d   Thumb Code     0  printfa.o(i.__0printf)
    printf                                   0x08003b5d   Thumb Code     0  printfa.o(i.__0printf)
    __ARM_fpclassify                         0x08003b7d   Thumb Code    48  fpclassify.o(i.__ARM_fpclassify)
    __hardfp_asin                            0x08003bd1   Thumb Code   770  asin.o(i.__hardfp_asin)
    __hardfp_atan                            0x08003f31   Thumb Code   622  atan.o(i.__hardfp_atan)
    __hardfp_atan2                           0x08004209   Thumb Code   448  atan2.o(i.__hardfp_atan2)
    __hardfp_fabs                            0x08004409   Thumb Code    20  fabs.o(i.__hardfp_fabs)
    __hardfp_sqrt                            0x0800441d   Thumb Code   122  sqrt.o(i.__hardfp_sqrt)
    __kernel_poly                            0x08004497   Thumb Code   248  poly.o(i.__kernel_poly)
    __mathlib_dbl_infnan                     0x0800458f   Thumb Code    20  dunder.o(i.__mathlib_dbl_infnan)
    __mathlib_dbl_infnan2                    0x080045a3   Thumb Code    20  dunder.o(i.__mathlib_dbl_infnan2)
    __mathlib_dbl_invalid                    0x080045b9   Thumb Code    24  dunder.o(i.__mathlib_dbl_invalid)
    __mathlib_dbl_underflow                  0x080045d9   Thumb Code    24  dunder.o(i.__mathlib_dbl_underflow)
    __scatterload_copy                       0x080045f9   Thumb Code    14  handlers.o(i.__scatterload_copy)
    __scatterload_null                       0x08004607   Thumb Code     2  handlers.o(i.__scatterload_null)
    __scatterload_zeroinit                   0x08004609   Thumb Code    14  handlers.o(i.__scatterload_zeroinit)
    __set_errno                              0x08004619   Thumb Code     6  errno.o(i.__set_errno)
    atan                                     0x08004eaf   Thumb Code    16  atan.o(i.atan)
    fabs                                     0x08004ebf   Thumb Code    24  fabs.o(i.fabs)
    fputc                                    0x08004ed9   Thumb Code    20  usart.o(i.fputc)
    imu_ahrs_update                          0x08004ef1   Thumb Code  1194  bsp_imu.o(i.imu_ahrs_update)
    imu_attitude_update                      0x0800539d   Thumb Code   346  bsp_imu.o(i.imu_attitude_update)
    init_quaternion                          0x08005511   Thumb Code   360  bsp_imu.o(i.init_quaternion)
    inv_sqrt                                 0x080056dd   Thumb Code    40  bsp_imu.o(i.inv_sqrt)
    ist8310_get_data                         0x08005709   Thumb Code    10  bsp_imu.o(i.ist8310_get_data)
    ist8310_init                             0x08005713   Thumb Code   256  bsp_imu.o(i.ist8310_init)
    main                                     0x0800588d   Thumb Code   108  main.o(i.main)
    mpu_device_init                          0x08005929   Thumb Code    90  bsp_imu.o(i.mpu_device_init)
    mpu_get_data                             0x0800598d   Thumb Code   234  bsp_imu.o(i.mpu_get_data)
    mpu_offset_call                          0x08005b1d   Thumb Code   162  bsp_imu.o(i.mpu_offset_call)
    mpu_read_byte                            0x08005bc5   Thumb Code    68  bsp_imu.o(i.mpu_read_byte)
    mpu_read_bytes                           0x08005c15   Thumb Code    80  bsp_imu.o(i.mpu_read_bytes)
    mpu_set_accel_fsr                        0x08005c71   Thumb Code    10  bsp_imu.o(i.mpu_set_accel_fsr)
    mpu_set_gyro_fsr                         0x08005c7b   Thumb Code    10  bsp_imu.o(i.mpu_set_gyro_fsr)
    mpu_write_byte                           0x08005c85   Thumb Code    72  bsp_imu.o(i.mpu_write_byte)
    osDelay                                  0x08005cd9   Thumb Code    14  cmsis_os.o(i.osDelay)
    osKernelStart                            0x08005ce7   Thumb Code    10  cmsis_os.o(i.osKernelStart)
    osThreadCreate                           0x08005cf1   Thumb Code    84  cmsis_os.o(i.osThreadCreate)
    pvPortMalloc                             0x08006131   Thumb Code   216  heap_4.o(i.pvPortMalloc)
    pvTaskIncrementMutexHeldCount            0x0800620d   Thumb Code    18  tasks.o(i.pvTaskIncrementMutexHeldCount)
    pxPortInitialiseStack                    0x08006225   Thumb Code    40  port.o(i.pxPortInitialiseStack)
    sqrt                                     0x08006251   Thumb Code   110  sqrt.o(i.sqrt)
    uxListRemove                             0x080062bf   Thumb Code    38  list.o(i.uxListRemove)
    vApplicationGetIdleTaskMemory            0x080062e5   Thumb Code    16  freertos.o(i.vApplicationGetIdleTaskMemory)
    vListInitialise                          0x080062f9   Thumb Code    22  list.o(i.vListInitialise)
    vListInitialiseItem                      0x0800630f   Thumb Code     6  list.o(i.vListInitialiseItem)
    vListInsert                              0x08006315   Thumb Code    48  list.o(i.vListInsert)
    vListInsertEnd                           0x08006345   Thumb Code    24  list.o(i.vListInsertEnd)
    vPortEnterCritical                       0x0800635d   Thumb Code    54  port.o(i.vPortEnterCritical)
    vPortExitCritical                        0x0800639d   Thumb Code    34  port.o(i.vPortExitCritical)
    vPortFree                                0x080063c5   Thumb Code    94  heap_4.o(i.vPortFree)
    vPortSetupTimerInterrupt                 0x08006429   Thumb Code    32  port.o(i.vPortSetupTimerInterrupt)
    vPortValidateInterruptPriority           0x0800644d   Thumb Code    74  port.o(i.vPortValidateInterruptPriority)
    vTaskDelay                               0x080064a1   Thumb Code    66  tasks.o(i.vTaskDelay)
    vTaskInternalSetTimeOutState             0x080064ed   Thumb Code    12  tasks.o(i.vTaskInternalSetTimeOutState)
    vTaskMissedYield                         0x080064fd   Thumb Code     8  tasks.o(i.vTaskMissedYield)
    vTaskPlaceOnEventList                    0x08006509   Thumb Code    44  tasks.o(i.vTaskPlaceOnEventList)
    vTaskPriorityDisinheritAfterTimeout      0x08006539   Thumb Code   152  tasks.o(i.vTaskPriorityDisinheritAfterTimeout)
    vTaskStartScheduler                      0x080065d9   Thumb Code    90  tasks.o(i.vTaskStartScheduler)
    vTaskSuspendAll                          0x08006645   Thumb Code    10  tasks.o(i.vTaskSuspendAll)
    vTaskSwitchContext                       0x08006655   Thumb Code    82  tasks.o(i.vTaskSwitchContext)
    xPortStartScheduler                      0x080066b1   Thumb Code   222  port.o(i.xPortStartScheduler)
    xQueueGenericCreate                      0x080067a5   Thumb Code    66  queue.o(i.xQueueGenericCreate)
    xQueueGenericReset                       0x080067e9   Thumb Code   132  queue.o(i.xQueueGenericReset)
    xQueueGiveFromISR                        0x08006871   Thumb Code   156  queue.o(i.xQueueGiveFromISR)
    xQueueSemaphoreTake                      0x0800690d   Thumb Code   372  queue.o(i.xQueueSemaphoreTake)
    xTaskCheckForTimeOut                     0x08006a85   Thumb Code   112  tasks.o(i.xTaskCheckForTimeOut)
    xTaskCreate                              0x08006af9   Thumb Code    90  tasks.o(i.xTaskCreate)
    xTaskCreateStatic                        0x08006b53   Thumb Code    86  tasks.o(i.xTaskCreateStatic)
    xTaskGetSchedulerState                   0x08006ba9   Thumb Code    22  tasks.o(i.xTaskGetSchedulerState)
    xTaskIncrementTick                       0x08006bc5   Thumb Code   194  tasks.o(i.xTaskIncrementTick)
    xTaskPriorityInherit                     0x08006c91   Thumb Code   130  tasks.o(i.xTaskPriorityInherit)
    xTaskRemoveFromEventList                 0x08006d1d   Thumb Code   108  tasks.o(i.xTaskRemoveFromEventList)
    xTaskResumeAll                           0x08006d91   Thumb Code   182  tasks.o(i.xTaskResumeAll)
    AHBPrescTable                            0x08006ed8   Data          16  system_stm32f4xx.o(.constdata)
    APBPrescTable                            0x08006ee8   Data           8  system_stm32f4xx.o(.constdata)
    __mathlib_zero                           0x08006fd8   Data           8  qnan.o(.constdata)
    Region$$Table$$Base                      0x08007024   Number         0  anon$$obj.o(Region$$Table)
    Region$$Table$$Limit                     0x08007044   Number         0  anon$$obj.o(Region$$Table)
    txMailBox                                0x20000000   Data           4  freertos.o(.data)
    M2006_BinarySem_Handle                   0x20000004   Data           4  freertos.o(.data)
    time                                     0x20000008   Data           4  freertos.o(.data)
    Steering_TaskHandle                      0x2000000c   Data           4  freertos.o(.data)
    Debugging_TaskHandle                     0x20000010   Data           4  freertos.o(.data)
    M2006_TaskHandle                         0x20000014   Data           4  freertos.o(.data)
    Mpu_TaskHandle                           0x20000018   Data           4  freertos.o(.data)
    canRxCache                               0x2000001c   Data           8  freertos.o(.data)
    canTxCache                               0x20000024   Data           8  freertos.o(.data)
    ID1                                      0x2000002c   Data           4  can.o(.data)
    ID2                                      0x20000030   Data           4  can.o(.data)
    ID3                                      0x20000034   Data           4  can.o(.data)
    ID4                                      0x20000038   Data           4  can.o(.data)
    id                                       0x2000003e   Data           1  bsp_imu.o(.data)
    q0                                       0x20000040   Data           4  bsp_imu.o(.data)
    q1                                       0x20000044   Data           4  bsp_imu.o(.data)
    q2                                       0x20000048   Data           4  bsp_imu.o(.data)
    q3                                       0x2000004c   Data           4  bsp_imu.o(.data)
    exInt                                    0x20000050   Data           4  bsp_imu.o(.data)
    eyInt                                    0x20000054   Data           4  bsp_imu.o(.data)
    ezInt                                    0x20000058   Data           4  bsp_imu.o(.data)
    last_update                              0x20000080   Data           4  bsp_imu.o(.data)
    now_update                               0x20000084   Data           4  bsp_imu.o(.data)
    ist_buff                                 0x20000088   Data           6  bsp_imu.o(.data)
    right_position                           0x2000009c   Data           4  pid.o(.data)
    left_position                            0x200000a0   Data           4  pid.o(.data)
    uwTickFreq                               0x200000a4   Data           1  stm32f4xx_hal.o(.data)
    uwTickPrio                               0x200000a8   Data           4  stm32f4xx_hal.o(.data)
    uwTick                                   0x200000ac   Data           4  stm32f4xx_hal.o(.data)
    SystemCoreClock                          0x200000b0   Data           4  system_stm32f4xx.o(.data)
    pxCurrentTCB                             0x200000b4   Data           4  tasks.o(.data)
    __stdout                                 0x2000011c   Data           4  stdout.o(.data)
    left                                     0x20000124   Data          52  freertos.o(.bss)
    right                                    0x20000158   Data          52  freertos.o(.bss)
    left_pos_struct                          0x2000018c   Data          52  freertos.o(.bss)
    right_pos_struct                         0x200001c0   Data          52  freertos.o(.bss)
    canRxHeader                              0x200001f4   Data          28  freertos.o(.bss)
    canTxHeader                              0x20000210   Data          24  freertos.o(.bss)
    Electric_control                         0x20000228   Data          24  freertos.o(.bss)
    hcan1                                    0x200004a4   Data          40  can.o(.bss)
    htim2                                    0x200004cc   Data          72  tim.o(.bss)
    htim3                                    0x20000514   Data          72  tim.o(.bss)
    htim8                                    0x2000055c   Data          72  tim.o(.bss)
    huart2                                   0x200005a4   Data          68  usart.o(.bss)
    htim1                                    0x200005e8   Data          72  stm32f4xx_hal_timebase_tim.o(.bss)
    imu                                      0x20000630   Data          52  bsp_imu.o(.bss)
    mpu_buff                                 0x20000664   Data          14  bsp_imu.o(.bss)
    mpu_data                                 0x20000672   Data          32  bsp_imu.o(.bss)
    hspi5                                    0x20000694   Data          88  spi.o(.bss)
    __initial_sp                             0x200047e0   Data           0  startup_stm32f427xx.o(STACK)



==============================================================================

Memory Map of the image

  Image Entry point : 0x080001ad

  Load Region LR_IROM1 (Base: 0x08000000, Size: 0x00007168, Max: 0x00200000, ABSOLUTE)

    Execution Region ER_IROM1 (Exec base: 0x08000000, Load base: 0x08000000, Size: 0x00007044, Max: 0x00200000, ABSOLUTE)

    Exec Addr    Load Addr    Size         Type   Attr      Idx    E Section Name        Object

    0x08000000   0x08000000   0x000001ac   Data   RO         4037    RESET               startup_stm32f427xx.o
    0x080001ac   0x080001ac   0x00000000   Code   RO         5374  * .ARM.Collect$$$$00000000  mc_w.l(entry.o)
    0x080001ac   0x080001ac   0x00000004   Code   RO         5691    .ARM.Collect$$$$00000001  mc_w.l(entry2.o)
    0x080001b0   0x080001b0   0x00000004   Code   RO         5694    .ARM.Collect$$$$00000004  mc_w.l(entry5.o)
    0x080001b4   0x080001b4   0x00000000   Code   RO         5696    .ARM.Collect$$$$00000008  mc_w.l(entry7b.o)
    0x080001b4   0x080001b4   0x00000000   Code   RO         5698    .ARM.Collect$$$$0000000A  mc_w.l(entry8b.o)
    0x080001b4   0x080001b4   0x00000008   Code   RO         5699    .ARM.Collect$$$$0000000B  mc_w.l(entry9a.o)
    0x080001bc   0x080001bc   0x00000004   Code   RO         5706    .ARM.Collect$$$$0000000E  mc_w.l(entry12b.o)
    0x080001c0   0x080001c0   0x00000000   Code   RO         5701    .ARM.Collect$$$$0000000F  mc_w.l(entry10a.o)
    0x080001c0   0x080001c0   0x00000000   Code   RO         5703    .ARM.Collect$$$$00000011  mc_w.l(entry11a.o)
    0x080001c0   0x080001c0   0x00000004   Code   RO         5692    .ARM.Collect$$$$00002712  mc_w.l(entry2.o)
    0x080001c4   0x080001c4   0x000000be   Code   RO         5253    .emb_text           port.o
    0x08000282   0x08000282   0x00000002   PAD
    0x08000284   0x08000284   0x00000024   Code   RO         4038    .text               startup_stm32f427xx.o
    0x080002a8   0x080002a8   0x00000062   Code   RO         5377    .text               mc_w.l(uldiv.o)
    0x0800030a   0x0800030a   0x00000024   Code   RO         5379    .text               mc_w.l(memcpya.o)
    0x0800032e   0x0800032e   0x00000024   Code   RO         5383    .text               mc_w.l(memseta.o)
    0x08000352   0x08000352   0x000000e4   Code   RO         5648    .text               mf_w.l(dmul.o)
    0x08000436   0x08000436   0x00000022   Code   RO         5650    .text               mf_w.l(dflti.o)
    0x08000458   0x08000458   0x00000026   Code   RO         5652    .text               mf_w.l(f2d.o)
    0x0800047e   0x0800047e   0x00000002   PAD
    0x08000480   0x08000480   0x00000030   Code   RO         5654    .text               mf_w.l(cdrcmple.o)
    0x080004b0   0x080004b0   0x00000038   Code   RO         5656    .text               mf_w.l(d2f.o)
    0x080004e8   0x080004e8   0x0000002c   Code   RO         5708    .text               mc_w.l(uidiv.o)
    0x08000514   0x08000514   0x0000001e   Code   RO         5710    .text               mc_w.l(llshl.o)
    0x08000532   0x08000532   0x00000020   Code   RO         5712    .text               mc_w.l(llushr.o)
    0x08000552   0x08000552   0x00000000   Code   RO         5721    .text               mc_w.l(iusefp.o)
    0x08000552   0x08000552   0x0000006e   Code   RO         5722    .text               mf_w.l(fepilogue.o)
    0x080005c0   0x080005c0   0x000000ba   Code   RO         5724    .text               mf_w.l(depilogue.o)
    0x0800067a   0x0800067a   0x0000014e   Code   RO         5726    .text               mf_w.l(dadd.o)
    0x080007c8   0x080007c8   0x000000de   Code   RO         5728    .text               mf_w.l(ddiv.o)
    0x080008a6   0x080008a6   0x000000a2   Code   RO         5732    .text               mf_w.l(dsqrt.o)
    0x08000948   0x08000948   0x00000030   Code   RO         5734    .text               mf_w.l(dfixul.o)
    0x08000978   0x08000978   0x00000030   Code   RO         5736    .text               mf_w.l(cdcmple.o)
    0x080009a8   0x080009a8   0x00000024   Code   RO         5738    .text               mc_w.l(init.o)
    0x080009cc   0x080009cc   0x00000024   Code   RO         5740    .text               mc_w.l(llsshr.o)
    0x080009f0   0x080009f0   0x00000002   Code   RO          512    i.BusFault_Handler  stm32f4xx_it.o
    0x080009f2   0x080009f2   0x00000002   PAD
    0x080009f4   0x080009f4   0x0000000c   Code   RO          513    i.CAN1_RX0_IRQHandler  stm32f4xx_it.o
    0x08000a00   0x08000a00   0x00000044   Code   RO          265    i.CAN_Send_Msg      freertos.o
    0x08000a44   0x08000a44   0x00000002   Code   RO          514    i.DebugMon_Handler  stm32f4xx_it.o
    0x08000a46   0x08000a46   0x00000002   PAD
    0x08000a48   0x08000a48   0x00000144   Code   RO          266    i.Debugging_DefaultTask  freertos.o
    0x08000b8c   0x08000b8c   0x00000004   Code   RO            4    i.Error_Handler     main.o
    0x08000b90   0x08000b90   0x00000024   Code   RO          901    i.HAL_CAN_ActivateNotification  stm32f4xx_hal_can.o
    0x08000bb4   0x08000bb4   0x000000dc   Code   RO          902    i.HAL_CAN_AddTxMessage  stm32f4xx_hal_can.o
    0x08000c90   0x08000c90   0x0000010c   Code   RO          903    i.HAL_CAN_ConfigFilter  stm32f4xx_hal_can.o
    0x08000d9c   0x08000d9c   0x00000002   Code   RO          906    i.HAL_CAN_ErrorCallback  stm32f4xx_hal_can.o
    0x08000d9e   0x08000d9e   0x000000e8   Code   RO          909    i.HAL_CAN_GetRxMessage  stm32f4xx_hal_can.o
    0x08000e86   0x08000e86   0x000001fc   Code   RO          913    i.HAL_CAN_IRQHandler  stm32f4xx_hal_can.o
    0x08001082   0x08001082   0x0000011a   Code   RO          914    i.HAL_CAN_Init      stm32f4xx_hal_can.o
    0x0800119c   0x0800119c   0x00000078   Code   RO          354    i.HAL_CAN_MspInit   can.o
    0x08001214   0x08001214   0x00000002   Code   RO          921    i.HAL_CAN_RxFifo0FullCallback  stm32f4xx_hal_can.o
    0x08001216   0x08001216   0x00000002   PAD
    0x08001218   0x08001218   0x000000cc   Code   RO          267    i.HAL_CAN_RxFifo0MsgPendingCallback  freertos.o
    0x080012e4   0x080012e4   0x00000002   Code   RO          923    i.HAL_CAN_RxFifo1FullCallback  stm32f4xx_hal_can.o
    0x080012e6   0x080012e6   0x00000002   Code   RO          924    i.HAL_CAN_RxFifo1MsgPendingCallback  stm32f4xx_hal_can.o
    0x080012e8   0x080012e8   0x00000002   Code   RO          925    i.HAL_CAN_SleepCallback  stm32f4xx_hal_can.o
    0x080012ea   0x080012ea   0x00000002   PAD
    0x080012ec   0x080012ec   0x00000058   Code   RO          926    i.HAL_CAN_Start     stm32f4xx_hal_can.o
    0x08001344   0x08001344   0x00000002   Code   RO          928    i.HAL_CAN_TxMailbox0AbortCallback  stm32f4xx_hal_can.o
    0x08001346   0x08001346   0x00000002   Code   RO          929    i.HAL_CAN_TxMailbox0CompleteCallback  stm32f4xx_hal_can.o
    0x08001348   0x08001348   0x00000002   Code   RO          930    i.HAL_CAN_TxMailbox1AbortCallback  stm32f4xx_hal_can.o
    0x0800134a   0x0800134a   0x00000002   Code   RO          931    i.HAL_CAN_TxMailbox1CompleteCallback  stm32f4xx_hal_can.o
    0x0800134c   0x0800134c   0x00000002   Code   RO          932    i.HAL_CAN_TxMailbox2AbortCallback  stm32f4xx_hal_can.o
    0x0800134e   0x0800134e   0x00000002   Code   RO          933    i.HAL_CAN_TxMailbox2CompleteCallback  stm32f4xx_hal_can.o
    0x08001350   0x08001350   0x00000002   Code   RO          935    i.HAL_CAN_WakeUpFromRxMsgCallback  stm32f4xx_hal_can.o
    0x08001352   0x08001352   0x0000008e   Code   RO         1648    i.HAL_DMA_Abort     stm32f4xx_hal_dma.o
    0x080013e0   0x080013e0   0x00000024   Code   RO         1649    i.HAL_DMA_Abort_IT  stm32f4xx_hal_dma.o
    0x08001404   0x08001404   0x00000024   Code   RO         2085    i.HAL_Delay         stm32f4xx_hal.o
    0x08001428   0x08001428   0x00000230   Code   RO         1541    i.HAL_GPIO_Init     stm32f4xx_hal_gpio.o
    0x08001658   0x08001658   0x0000000a   Code   RO         1543    i.HAL_GPIO_ReadPin  stm32f4xx_hal_gpio.o
    0x08001662   0x08001662   0x0000000a   Code   RO         1545    i.HAL_GPIO_WritePin  stm32f4xx_hal_gpio.o
    0x0800166c   0x0800166c   0x0000000c   Code   RO         2093    i.HAL_GetTick       stm32f4xx_hal.o
    0x08001678   0x08001678   0x00000010   Code   RO         2099    i.HAL_IncTick       stm32f4xx_hal.o
    0x08001688   0x08001688   0x00000034   Code   RO         2100    i.HAL_Init          stm32f4xx_hal.o
    0x080016bc   0x080016bc   0x00000074   Code   RO          636    i.HAL_InitTick      stm32f4xx_hal_timebase_tim.o
    0x08001730   0x08001730   0x00000038   Code   RO          612    i.HAL_MspInit       stm32f4xx_hal_msp.o
    0x08001768   0x08001768   0x0000001a   Code   RO         1948    i.HAL_NVIC_EnableIRQ  stm32f4xx_hal_cortex.o
    0x08001782   0x08001782   0x00000002   PAD
    0x08001784   0x08001784   0x00000040   Code   RO         1954    i.HAL_NVIC_SetPriority  stm32f4xx_hal_cortex.o
    0x080017c4   0x080017c4   0x00000024   Code   RO         1955    i.HAL_NVIC_SetPriorityGrouping  stm32f4xx_hal_cortex.o
    0x080017e8   0x080017e8   0x00000070   Code   RO         1877    i.HAL_PWREx_EnableOverDrive  stm32f4xx_hal_pwr_ex.o
    0x08001858   0x08001858   0x00000134   Code   RO         1135    i.HAL_RCC_ClockConfig  stm32f4xx_hal_rcc.o
    0x0800198c   0x0800198c   0x00000040   Code   RO         1139    i.HAL_RCC_GetClockConfig  stm32f4xx_hal_rcc.o
    0x080019cc   0x080019cc   0x00000020   Code   RO         1142    i.HAL_RCC_GetPCLK1Freq  stm32f4xx_hal_rcc.o
    0x080019ec   0x080019ec   0x00000020   Code   RO         1143    i.HAL_RCC_GetPCLK2Freq  stm32f4xx_hal_rcc.o
    0x08001a0c   0x08001a0c   0x00000064   Code   RO         1144    i.HAL_RCC_GetSysClockFreq  stm32f4xx_hal_rcc.o
    0x08001a70   0x08001a70   0x0000036c   Code   RO         1147    i.HAL_RCC_OscConfig  stm32f4xx_hal_rcc.o
    0x08001ddc   0x08001ddc   0x000000bc   Code   RO         3689    i.HAL_SPI_Init      stm32f4xx_hal_spi.o
    0x08001e98   0x08001e98   0x0000004c   Code   RO          812    i.HAL_SPI_MspInit   spi.o
    0x08001ee4   0x08001ee4   0x000001e2   Code   RO         3698    i.HAL_SPI_TransmitReceive  stm32f4xx_hal_spi.o
    0x080020c6   0x080020c6   0x00000002   Code   RO         3054    i.HAL_TIMEx_BreakCallback  stm32f4xx_hal_tim_ex.o
    0x080020c8   0x080020c8   0x00000002   Code   RO         3055    i.HAL_TIMEx_CommutCallback  stm32f4xx_hal_tim_ex.o
    0x080020ca   0x080020ca   0x00000054   Code   RO         3057    i.HAL_TIMEx_ConfigBreakDeadTime  stm32f4xx_hal_tim_ex.o
    0x0800211e   0x0800211e   0x00000002   PAD
    0x08002120   0x08002120   0x00000090   Code   RO         3073    i.HAL_TIMEx_MasterConfigSynchronization  stm32f4xx_hal_tim_ex.o
    0x080021b0   0x080021b0   0x0000005a   Code   RO         2350    i.HAL_TIM_Base_Init  stm32f4xx_hal_tim.o
    0x0800220a   0x0800220a   0x00000002   PAD
    0x0800220c   0x0800220c   0x0000007c   Code   RO          401    i.HAL_TIM_Base_MspInit  tim.o
    0x08002288   0x08002288   0x00000080   Code   RO         2355    i.HAL_TIM_Base_Start_IT  stm32f4xx_hal_tim.o
    0x08002308   0x08002308   0x000000d6   Code   RO         2359    i.HAL_TIM_ConfigClockSource  stm32f4xx_hal_tim.o
    0x080023de   0x080023de   0x00000002   Code   RO         2384    i.HAL_TIM_IC_CaptureCallback  stm32f4xx_hal_tim.o
    0x080023e0   0x080023e0   0x00000166   Code   RO         2398    i.HAL_TIM_IRQHandler  stm32f4xx_hal_tim.o
    0x08002546   0x08002546   0x00000002   PAD
    0x08002548   0x08002548   0x00000054   Code   RO          402    i.HAL_TIM_MspPostInit  tim.o
    0x0800259c   0x0800259c   0x00000002   Code   RO         2401    i.HAL_TIM_OC_DelayElapsedCallback  stm32f4xx_hal_tim.o
    0x0800259e   0x0800259e   0x000000c6   Code   RO         2422    i.HAL_TIM_PWM_ConfigChannel  stm32f4xx_hal_tim.o
    0x08002664   0x08002664   0x0000005a   Code   RO         2425    i.HAL_TIM_PWM_Init  stm32f4xx_hal_tim.o
    0x080026be   0x080026be   0x00000002   Code   RO         2427    i.HAL_TIM_PWM_MspInit  stm32f4xx_hal_tim.o
    0x080026c0   0x080026c0   0x00000002   Code   RO         2428    i.HAL_TIM_PWM_PulseFinishedCallback  stm32f4xx_hal_tim.o
    0x080026c2   0x080026c2   0x00000002   PAD
    0x080026c4   0x080026c4   0x000000f0   Code   RO         2432    i.HAL_TIM_PWM_Start_IT  stm32f4xx_hal_tim.o
    0x080027b4   0x080027b4   0x00000014   Code   RO            5    i.HAL_TIM_PeriodElapsedCallback  main.o
    0x080027c8   0x080027c8   0x00000002   Code   RO         2441    i.HAL_TIM_TriggerCallback  stm32f4xx_hal_tim.o
    0x080027ca   0x080027ca   0x00000002   Code   RO         3332    i.HAL_UARTEx_RxEventCallback  stm32f4xx_hal_uart.o
    0x080027cc   0x080027cc   0x00000002   Code   RO         3346    i.HAL_UART_ErrorCallback  stm32f4xx_hal_uart.o
    0x080027ce   0x080027ce   0x00000002   PAD
    0x080027d0   0x080027d0   0x00000210   Code   RO         3349    i.HAL_UART_IRQHandler  stm32f4xx_hal_uart.o
    0x080029e0   0x080029e0   0x00000062   Code   RO         3350    i.HAL_UART_Init     stm32f4xx_hal_uart.o
    0x08002a42   0x08002a42   0x00000002   PAD
    0x08002a44   0x08002a44   0x00000078   Code   RO          461    i.HAL_UART_MspInit  usart.o
    0x08002abc   0x08002abc   0x00000002   Code   RO         3356    i.HAL_UART_RxCpltCallback  stm32f4xx_hal_uart.o
    0x08002abe   0x08002abe   0x00000002   PAD
    0x08002ac0   0x08002ac0   0x000000b2   Code   RO         3358    i.HAL_UART_Transmit  stm32f4xx_hal_uart.o
    0x08002b72   0x08002b72   0x00000002   Code   RO         3361    i.HAL_UART_TxCpltCallback  stm32f4xx_hal_uart.o
    0x08002b74   0x08002b74   0x00000002   Code   RO          515    i.HardFault_Handler  stm32f4xx_it.o
    0x08002b76   0x08002b76   0x00000002   PAD
    0x08002b78   0x08002b78   0x000001bc   Code   RO          268    i.M2006_DefaultTask  freertos.o
    0x08002d34   0x08002d34   0x00000094   Code   RO          355    i.MX_CAN1_Init      can.o
    0x08002dc8   0x08002dc8   0x00000094   Code   RO          269    i.MX_FREERTOS_Init  freertos.o
    0x08002e5c   0x08002e5c   0x000000d0   Code   RO          241    i.MX_GPIO_Init      gpio.o
    0x08002f2c   0x08002f2c   0x00000040   Code   RO          813    i.MX_SPI5_Init      spi.o
    0x08002f6c   0x08002f6c   0x00000068   Code   RO          403    i.MX_TIM2_Init      tim.o
    0x08002fd4   0x08002fd4   0x00000068   Code   RO          404    i.MX_TIM3_Init      tim.o
    0x0800303c   0x0800303c   0x000000fc   Code   RO          405    i.MX_TIM8_Init      tim.o
    0x08003138   0x08003138   0x00000038   Code   RO          462    i.MX_USART2_UART_Init  usart.o
    0x08003170   0x08003170   0x00000002   Code   RO          516    i.MemManage_Handler  stm32f4xx_it.o
    0x08003172   0x08003172   0x0000000c   Code   RO          270    i.Mpu_DefaultTask   freertos.o
    0x0800317e   0x0800317e   0x00000002   Code   RO          517    i.NMI_Handler       stm32f4xx_it.o
    0x08003180   0x08003180   0x000000b6   Code   RO          856    i.PID_Calc          pid.o
    0x08003236   0x08003236   0x00000002   PAD
    0x08003238   0x08003238   0x00000054   Code   RO          857    i.PID_Reset_left_ID1  pid.o
    0x0800328c   0x0800328c   0x00000058   Code   RO          858    i.PID_Reset_left_position  pid.o
    0x080032e4   0x080032e4   0x00000054   Code   RO          859    i.PID_Reset_right_ID2  pid.o
    0x08003338   0x08003338   0x0000005c   Code   RO          860    i.PID_Reset_right_position  pid.o
    0x08003394   0x08003394   0x00000058   Code   RO         3727    i.SPI_EndRxTxTransaction  stm32f4xx_hal_spi.o
    0x080033ec   0x080033ec   0x000000b8   Code   RO         3732    i.SPI_WaitFlagStateUntilTimeout  stm32f4xx_hal_spi.o
    0x080034a4   0x080034a4   0x00000010   Code   RO          272    i.Steering_DefaultTask  freertos.o
    0x080034b4   0x080034b4   0x0000002c   Code   RO         5254    i.SysTick_Handler   port.o
    0x080034e0   0x080034e0   0x000000a0   Code   RO            6    i.SystemClock_Config  main.o
    0x08003580   0x08003580   0x00000010   Code   RO         4001    i.SystemInit        system_stm32f4xx.o
    0x08003590   0x08003590   0x0000000c   Code   RO          518    i.TIM1_UP_TIM10_IRQHandler  stm32f4xx_it.o
    0x0800359c   0x0800359c   0x00000038   Code   RO          519    i.TIM2_IRQHandler   stm32f4xx_it.o
    0x080035d4   0x080035d4   0x00000030   Code   RO          520    i.TIM3_IRQHandler   stm32f4xx_it.o
    0x08003604   0x08003604   0x000000c8   Code   RO         2443    i.TIM_Base_SetConfig  stm32f4xx_hal_tim.o
    0x080036cc   0x080036cc   0x0000001a   Code   RO         2444    i.TIM_CCxChannelCmd  stm32f4xx_hal_tim.o
    0x080036e6   0x080036e6   0x00000014   Code   RO         2454    i.TIM_ETR_SetConfig  stm32f4xx_hal_tim.o
    0x080036fa   0x080036fa   0x00000010   Code   RO         2455    i.TIM_ITRx_SetConfig  stm32f4xx_hal_tim.o
    0x0800370a   0x0800370a   0x00000002   PAD
    0x0800370c   0x0800370c   0x00000060   Code   RO         2456    i.TIM_OC1_SetConfig  stm32f4xx_hal_tim.o
    0x0800376c   0x0800376c   0x0000006c   Code   RO         2457    i.TIM_OC2_SetConfig  stm32f4xx_hal_tim.o
    0x080037d8   0x080037d8   0x00000068   Code   RO         2458    i.TIM_OC3_SetConfig  stm32f4xx_hal_tim.o
    0x08003840   0x08003840   0x00000050   Code   RO         2459    i.TIM_OC4_SetConfig  stm32f4xx_hal_tim.o
    0x08003890   0x08003890   0x00000022   Code   RO         2461    i.TIM_TI1_ConfigInputStage  stm32f4xx_hal_tim.o
    0x080038b2   0x080038b2   0x00000024   Code   RO         2463    i.TIM_TI2_ConfigInputStage  stm32f4xx_hal_tim.o
    0x080038d6   0x080038d6   0x00000010   Code   RO         3363    i.UART_DMAAbortOnError  stm32f4xx_hal_uart.o
    0x080038e6   0x080038e6   0x00000030   Code   RO         3373    i.UART_EndRxTransfer  stm32f4xx_hal_uart.o
    0x08003916   0x08003916   0x000000ae   Code   RO         3375    i.UART_Receive_IT   stm32f4xx_hal_uart.o
    0x080039c4   0x080039c4   0x0000010c   Code   RO         3376    i.UART_SetConfig    stm32f4xx_hal_uart.o
    0x08003ad0   0x08003ad0   0x00000064   Code   RO         3379    i.UART_WaitOnFlagUntilTimeout  stm32f4xx_hal_uart.o
    0x08003b34   0x08003b34   0x00000024   Code   RO          521    i.USART2_IRQHandler  stm32f4xx_it.o
    0x08003b58   0x08003b58   0x00000002   Code   RO          522    i.UsageFault_Handler  stm32f4xx_it.o
    0x08003b5a   0x08003b5a   0x00000002   PAD
    0x08003b5c   0x08003b5c   0x00000020   Code   RO         5620    i.__0printf         mc_w.l(printfa.o)
    0x08003b7c   0x08003b7c   0x00000030   Code   RO         5686    i.__ARM_fpclassify  m_wm.l(fpclassify.o)
    0x08003bac   0x08003bac   0x00000020   Code   RO         1961    i.__NVIC_SetPriority  stm32f4xx_hal_cortex.o
    0x08003bcc   0x08003bcc   0x00000004   PAD
    0x08003bd0   0x08003bd0   0x00000360   Code   RO         5330    i.__hardfp_asin     m_wm.l(asin.o)
    0x08003f30   0x08003f30   0x000002d8   Code   RO         5658    i.__hardfp_atan     m_wm.l(atan.o)
    0x08004208   0x08004208   0x00000200   Code   RO         5344    i.__hardfp_atan2    m_wm.l(atan2.o)
    0x08004408   0x08004408   0x00000014   Code   RO         5356    i.__hardfp_fabs     m_wm.l(fabs.o)
    0x0800441c   0x0800441c   0x0000007a   Code   RO         5362    i.__hardfp_sqrt     m_wm.l(sqrt.o)
    0x08004496   0x08004496   0x000000f8   Code   RO         5688    i.__kernel_poly     m_wm.l(poly.o)
    0x0800458e   0x0800458e   0x00000014   Code   RO         5673    i.__mathlib_dbl_infnan  m_wm.l(dunder.o)
    0x080045a2   0x080045a2   0x00000014   Code   RO         5674    i.__mathlib_dbl_infnan2  m_wm.l(dunder.o)
    0x080045b6   0x080045b6   0x00000002   PAD
    0x080045b8   0x080045b8   0x00000020   Code   RO         5675    i.__mathlib_dbl_invalid  m_wm.l(dunder.o)
    0x080045d8   0x080045d8   0x00000020   Code   RO         5678    i.__mathlib_dbl_underflow  m_wm.l(dunder.o)
    0x080045f8   0x080045f8   0x0000000e   Code   RO         5744    i.__scatterload_copy  mc_w.l(handlers.o)
    0x08004606   0x08004606   0x00000002   Code   RO         5745    i.__scatterload_null  mc_w.l(handlers.o)
    0x08004608   0x08004608   0x0000000e   Code   RO         5746    i.__scatterload_zeroinit  mc_w.l(handlers.o)
    0x08004616   0x08004616   0x00000002   PAD
    0x08004618   0x08004618   0x0000000c   Code   RO         5716    i.__set_errno       mc_w.l(errno.o)
    0x08004624   0x08004624   0x00000184   Code   RO         5627    i._fp_digits        mc_w.l(printfa.o)
    0x080047a8   0x080047a8   0x000006b4   Code   RO         5628    i._printf_core      mc_w.l(printfa.o)
    0x08004e5c   0x08004e5c   0x00000024   Code   RO         5629    i._printf_post_padding  mc_w.l(printfa.o)
    0x08004e80   0x08004e80   0x0000002e   Code   RO         5630    i._printf_pre_padding  mc_w.l(printfa.o)
    0x08004eae   0x08004eae   0x00000010   Code   RO         5660    i.atan              m_wm.l(atan.o)
    0x08004ebe   0x08004ebe   0x00000018   Code   RO         5358    i.fabs              m_wm.l(fabs.o)
    0x08004ed6   0x08004ed6   0x00000002   PAD
    0x08004ed8   0x08004ed8   0x00000018   Code   RO          463    i.fputc             usart.o
    0x08004ef0   0x08004ef0   0x000004aa   Code   RO          675    i.imu_ahrs_update   bsp_imu.o
    0x0800539a   0x0800539a   0x00000002   PAD
    0x0800539c   0x0800539c   0x00000174   Code   RO          676    i.imu_attitude_update  bsp_imu.o
    0x08005510   0x08005510   0x000001cc   Code   RO          677    i.init_quaternion   bsp_imu.o
    0x080056dc   0x080056dc   0x0000002c   Code   RO          678    i.inv_sqrt          bsp_imu.o
    0x08005708   0x08005708   0x0000000a   Code   RO          679    i.ist8310_get_data  bsp_imu.o
    0x08005712   0x08005712   0x00000100   Code   RO          680    i.ist8310_init      bsp_imu.o
    0x08005812   0x08005812   0x00000038   Code   RO          681    i.ist_reg_read_by_mpu  bsp_imu.o
    0x0800584a   0x0800584a   0x00000042   Code   RO          682    i.ist_reg_write_by_mpu  bsp_imu.o
    0x0800588c   0x0800588c   0x00000090   Code   RO            7    i.main              main.o
    0x0800591c   0x0800591c   0x0000000c   Code   RO         4828    i.makeFreeRtosPriority  cmsis_os.o
    0x08005928   0x08005928   0x00000064   Code   RO          683    i.mpu_device_init   bsp_imu.o
    0x0800598c   0x0800598c   0x00000100   Code   RO          684    i.mpu_get_data      bsp_imu.o
    0x08005a8c   0x08005a8c   0x0000008e   Code   RO          685    i.mpu_master_i2c_auto_read_config  bsp_imu.o
    0x08005b1a   0x08005b1a   0x00000002   PAD
    0x08005b1c   0x08005b1c   0x000000a8   Code   RO          686    i.mpu_offset_call   bsp_imu.o
    0x08005bc4   0x08005bc4   0x00000050   Code   RO          687    i.mpu_read_byte     bsp_imu.o
    0x08005c14   0x08005c14   0x0000005c   Code   RO          688    i.mpu_read_bytes    bsp_imu.o
    0x08005c70   0x08005c70   0x0000000a   Code   RO          689    i.mpu_set_accel_fsr  bsp_imu.o
    0x08005c7a   0x08005c7a   0x0000000a   Code   RO          690    i.mpu_set_gyro_fsr  bsp_imu.o
    0x08005c84   0x08005c84   0x00000054   Code   RO          691    i.mpu_write_byte    bsp_imu.o
    0x08005cd8   0x08005cd8   0x0000000e   Code   RO         4830    i.osDelay           cmsis_os.o
    0x08005ce6   0x08005ce6   0x0000000a   Code   RO         4833    i.osKernelStart     cmsis_os.o
    0x08005cf0   0x08005cf0   0x00000054   Code   RO         4867    i.osThreadCreate    cmsis_os.o
    0x08005d44   0x08005d44   0x00000070   Code   RO         4510    i.prvAddCurrentTaskToDelayedList  tasks.o
    0x08005db4   0x08005db4   0x000000d0   Code   RO         4511    i.prvAddNewTaskToReadyList  tasks.o
    0x08005e84   0x08005e84   0x00000034   Code   RO         4512    i.prvDeleteTCB      tasks.o
    0x08005eb8   0x08005eb8   0x0000004c   Code   RO         5186    i.prvHeapInit       heap_4.o
    0x08005f04   0x08005f04   0x00000060   Code   RO         4513    i.prvIdleTask       tasks.o
    0x08005f64   0x08005f64   0x00000016   Code   RO         4189    i.prvInitialiseNewQueue  queue.o
    0x08005f7a   0x08005f7a   0x00000098   Code   RO         4514    i.prvInitialiseNewTask  tasks.o
    0x08006012   0x08006012   0x00000002   PAD
    0x08006014   0x08006014   0x0000004c   Code   RO         5187    i.prvInsertBlockIntoFreeList  heap_4.o
    0x08006060   0x08006060   0x0000001c   Code   RO         4190    i.prvIsQueueEmpty   queue.o
    0x0800607c   0x0800607c   0x00000020   Code   RO         4515    i.prvResetNextTaskUnblockTime  tasks.o
    0x0800609c   0x0800609c   0x00000028   Code   RO         5255    i.prvTaskExitError  port.o
    0x080060c4   0x080060c4   0x0000006a   Code   RO         4191    i.prvUnlockQueue    queue.o
    0x0800612e   0x0800612e   0x00000002   PAD
    0x08006130   0x08006130   0x000000dc   Code   RO         5188    i.pvPortMalloc      heap_4.o
    0x0800620c   0x0800620c   0x00000018   Code   RO         4517    i.pvTaskIncrementMutexHeldCount  tasks.o
    0x08006224   0x08006224   0x0000002c   Code   RO         5256    i.pxPortInitialiseStack  port.o
    0x08006250   0x08006250   0x0000006e   Code   RO         5364    i.sqrt              m_wm.l(sqrt.o)
    0x080062be   0x080062be   0x00000026   Code   RO         4146    i.uxListRemove      list.o
    0x080062e4   0x080062e4   0x00000014   Code   RO          273    i.vApplicationGetIdleTaskMemory  freertos.o
    0x080062f8   0x080062f8   0x00000016   Code   RO         4147    i.vListInitialise   list.o
    0x0800630e   0x0800630e   0x00000006   Code   RO         4148    i.vListInitialiseItem  list.o
    0x08006314   0x08006314   0x00000030   Code   RO         4149    i.vListInsert       list.o
    0x08006344   0x08006344   0x00000018   Code   RO         4150    i.vListInsertEnd    list.o
    0x0800635c   0x0800635c   0x00000040   Code   RO         5258    i.vPortEnterCritical  port.o
    0x0800639c   0x0800639c   0x00000028   Code   RO         5259    i.vPortExitCritical  port.o
    0x080063c4   0x080063c4   0x00000064   Code   RO         5189    i.vPortFree         heap_4.o
    0x08006428   0x08006428   0x00000024   Code   RO         5260    i.vPortSetupTimerInterrupt  port.o
    0x0800644c   0x0800644c   0x00000054   Code   RO         5261    i.vPortValidateInterruptPriority  port.o
    0x080064a0   0x080064a0   0x0000004c   Code   RO         4524    i.vTaskDelay        tasks.o
    0x080064ec   0x080064ec   0x00000010   Code   RO         4527    i.vTaskInternalSetTimeOutState  tasks.o
    0x080064fc   0x080064fc   0x0000000c   Code   RO         4528    i.vTaskMissedYield  tasks.o
    0x08006508   0x08006508   0x00000030   Code   RO         4530    i.vTaskPlaceOnEventList  tasks.o
    0x08006538   0x08006538   0x000000a0   Code   RO         4532    i.vTaskPriorityDisinheritAfterTimeout  tasks.o
    0x080065d8   0x080065d8   0x0000006c   Code   RO         4537    i.vTaskStartScheduler  tasks.o
    0x08006644   0x08006644   0x00000010   Code   RO         4539    i.vTaskSuspendAll   tasks.o
    0x08006654   0x08006654   0x0000005c   Code   RO         4540    i.vTaskSwitchContext  tasks.o
    0x080066b0   0x080066b0   0x000000f4   Code   RO         5262    i.xPortStartScheduler  port.o
    0x080067a4   0x080067a4   0x00000042   Code   RO         4200    i.xQueueGenericCreate  queue.o
    0x080067e6   0x080067e6   0x00000002   PAD
    0x080067e8   0x080067e8   0x00000088   Code   RO         4202    i.xQueueGenericReset  queue.o
    0x08006870   0x08006870   0x0000009c   Code   RO         4205    i.xQueueGiveFromISR  queue.o
    0x0800690c   0x0800690c   0x00000178   Code   RO         4212    i.xQueueSemaphoreTake  queue.o
    0x08006a84   0x08006a84   0x00000074   Code   RO         4542    i.xTaskCheckForTimeOut  tasks.o
    0x08006af8   0x08006af8   0x0000005a   Code   RO         4543    i.xTaskCreate       tasks.o
    0x08006b52   0x08006b52   0x00000056   Code   RO         4544    i.xTaskCreateStatic  tasks.o
    0x08006ba8   0x08006ba8   0x0000001c   Code   RO         4548    i.xTaskGetSchedulerState  tasks.o
    0x08006bc4   0x08006bc4   0x000000cc   Code   RO         4551    i.xTaskIncrementTick  tasks.o
    0x08006c90   0x08006c90   0x0000008c   Code   RO         4555    i.xTaskPriorityInherit  tasks.o
    0x08006d1c   0x08006d1c   0x00000074   Code   RO         4556    i.xTaskRemoveFromEventList  tasks.o
    0x08006d90   0x08006d90   0x000000c4   Code   RO         4557    i.xTaskResumeAll    tasks.o
    0x08006e54   0x08006e54   0x00000070   Data   RO          275    .constdata          freertos.o
    0x08006ec4   0x08006ec4   0x00000014   Data   RO          693    .constdata          bsp_imu.o
    0x08006ed8   0x08006ed8   0x00000010   Data   RO         4002    .constdata          system_stm32f4xx.o
    0x08006ee8   0x08006ee8   0x00000008   Data   RO         4003    .constdata          system_stm32f4xx.o
    0x08006ef0   0x08006ef0   0x00000050   Data   RO         5333    .constdata          m_wm.l(asin.o)
    0x08006f40   0x08006f40   0x00000098   Data   RO         5661    .constdata          m_wm.l(atan.o)
    0x08006fd8   0x08006fd8   0x00000008   Data   RO         5690    .constdata          m_wm.l(qnan.o)
    0x08006fe0   0x08006fe0   0x00000043   Data   RO          276    .conststring        freertos.o
    0x08007023   0x08007023   0x00000001   PAD
    0x08007024   0x08007024   0x00000020   Data   RO         5742    Region$$Table       anon$$obj.o


    Execution Region RW_IRAM2 (Exec base: 0x10000000, Load base: 0x08007168, Size: 0x00000000, Max: 0x00010000, ABSOLUTE)

    **** No section assigned to this execution region ****


    Execution Region RW_IRAM1 (Exec base: 0x20000000, Load base: 0x08007044, Size: 0x000047e0, Max: 0x00030000, ABSOLUTE)

    Exec Addr    Load Addr    Size         Type   Attr      Idx    E Section Name        Object

    0x20000000   0x08007044   0x0000002c   Data   RW          277    .data               freertos.o
    0x2000002c   0x08007070   0x00000010   Data   RW          357    .data               can.o
    0x2000003c   0x08007080   0x00000060   Data   RW          694    .data               bsp_imu.o
    0x2000009c   0x080070e0   0x00000008   Data   RW          863    .data               pid.o
    0x200000a4   0x080070e8   0x0000000c   Data   RW         2107    .data               stm32f4xx_hal.o
    0x200000b0   0x080070f4   0x00000004   Data   RW         4004    .data               system_stm32f4xx.o
    0x200000b4   0x080070f8   0x0000003c   Data   RW         4560    .data               tasks.o
    0x200000f0   0x08007134   0x00000020   Data   RW         5195    .data               heap_4.o
    0x20000110   0x08007154   0x0000000c   Data   RW         5263    .data               port.o
    0x2000011c   0x08007160   0x00000004   Data   RW         5707    .data               mc_w.l(stdout.o)
    0x20000120   0x08007164   0x00000004   Data   RW         5717    .data               mc_w.l(errno.o)
    0x20000124        -       0x00000380   Zero   RW          274    .bss                freertos.o
    0x200004a4        -       0x00000028   Zero   RW          356    .bss                can.o
    0x200004cc        -       0x000000d8   Zero   RW          406    .bss                tim.o
    0x200005a4        -       0x00000044   Zero   RW          464    .bss                usart.o
    0x200005e8        -       0x00000048   Zero   RW          639    .bss                stm32f4xx_hal_timebase_tim.o
    0x20000630        -       0x00000062   Zero   RW          692    .bss                bsp_imu.o
    0x20000692   0x08007168   0x00000002   PAD
    0x20000694        -       0x00000058   Zero   RW          815    .bss                spi.o
    0x200006ec        -       0x000000f0   Zero   RW         4559    .bss                tasks.o
    0x200007dc        -       0x00003c00   Zero   RW         5194    .bss                heap_4.o
    0x200043dc   0x08007168   0x00000004   PAD
    0x200043e0        -       0x00000400   Zero   RW         4035    STACK               startup_stm32f427xx.o


==============================================================================

Image component sizes


      Code (inc. data)   RO Data    RW Data    ZI Data      Debug   Object Name

      3400        222         20         96         98      15152   bsp_imu.o
       268         26          0         16         40       2361   can.o
       120          0          0          0          0      18293   cmsis_os.o
         0          0          0          0          0      20440   event_groups.o
      1236        190        179         44        896       7621   freertos.o
       208         18          0          0          0       1223   gpio.o
       472         24          0         32      15360       8059   heap_4.o
       138          0          0          0          0       4098   list.o
       328         52          0          0          0     793988   main.o
       530         68          0          8          0       4057   pid.o
       786         82          0         12          0      12929   port.o
       890          8          0          0          0      12901   queue.o
       140         20          0          0         88       2114   spi.o
        36          8        428          0       1024        868   startup_stm32f427xx.o
       116         18          0         12          0       9510   stm32f4xx_hal.o
      1658          6          0          0          0      16099   stm32f4xx_hal_can.o
       158         14          0          0          0      33618   stm32f4xx_hal_cortex.o
       178          0          0          0          0       2375   stm32f4xx_hal_dma.o
       580         52          0          0          0       3231   stm32f4xx_hal_gpio.o
        56          4          0          0          0       1050   stm32f4xx_hal_msp.o
       112         14          0          0          0       1472   stm32f4xx_hal_pwr_ex.o
      1412         86          0          0          0       6541   stm32f4xx_hal_rcc.o
       942         12          0          0          0       5373   stm32f4xx_hal_spi.o
      2048        136          0          0          0      18969   stm32f4xx_hal_tim.o
       232         28          0          0          0       3733   stm32f4xx_hal_tim_ex.o
       116         16          0          0         72       1695   stm32f4xx_hal_timebase_tim.o
      1418         16          0          0          0      11296   stm32f4xx_hal_uart.o
       176         30          0          0          0      12910   stm32f4xx_it.o
         0          0          0          0          0        392   stream_buffer.o
        16          4         24          4          0       1403   system_stm32f4xx.o
      2180        166          0         60        240      29121   tasks.o
       668         50          0          0        216       4586   tim.o
       200         24          0          0         68       3926   usart.o

    ----------------------------------------------------------------------
     20866       1394        684        284      18108    1071404   Object Totals
         0          0         32          0          0          0   (incl. Generated)
        48          0          1          0          6          0   (incl. Padding)

    ----------------------------------------------------------------------

      Code (inc. data)   RO Data    RW Data    ZI Data      Debug   Library Member Name

       864         94         80          0          0        280   asin.o
       744        106        152          0          0        352   atan.o
       512         64          0          0          0        208   atan2.o
       104         16          0          0          0        496   dunder.o
        44          0          0          0          0        248   fabs.o
        48          0          0          0          0        124   fpclassify.o
       248          0          0          0          0        152   poly.o
         0          0          8          0          0          0   qnan.o
       232          0          0          0          0        296   sqrt.o
         0          0          0          0          0          0   entry.o
         0          0          0          0          0          0   entry10a.o
         0          0          0          0          0          0   entry11a.o
         4          0          0          0          0          0   entry12b.o
         8          4          0          0          0          0   entry2.o
         4          0          0          0          0          0   entry5.o
         0          0          0          0          0          0   entry7b.o
         0          0          0          0          0          0   entry8b.o
         8          4          0          0          0          0   entry9a.o
        12          6          0          4          0         68   errno.o
        30          0          0          0          0          0   handlers.o
        36          8          0          0          0         68   init.o
         0          0          0          0          0          0   iusefp.o
        30          0          0          0          0         68   llshl.o
        36          0          0          0          0         68   llsshr.o
        32          0          0          0          0         68   llushr.o
        36          0          0          0          0         68   memcpya.o
        36          0          0          0          0        108   memseta.o
      2218         90          0          0          0        464   printfa.o
         0          0          0          4          0          0   stdout.o
        44          0          0          0          0         80   uidiv.o
        98          0          0          0          0         92   uldiv.o
        48          0          0          0          0         68   cdcmple.o
        48          0          0          0          0         68   cdrcmple.o
        56          0          0          0          0         88   d2f.o
       334          0          0          0          0        148   dadd.o
       222          0          0          0          0        100   ddiv.o
       186          0          0          0          0        176   depilogue.o
        48          0          0          0          0         68   dfixul.o
        34          0          0          0          0         76   dflti.o
       228          0          0          0          0         96   dmul.o
       162          0          0          0          0        100   dsqrt.o
        38          0          0          0          0         68   f2d.o
       110          0          0          0          0        168   fepilogue.o

    ----------------------------------------------------------------------
      6950        392        240          8          0       4532   Library Totals
         8          0          0          0          0          0   (incl. Padding)

    ----------------------------------------------------------------------

      Code (inc. data)   RO Data    RW Data    ZI Data      Debug   Library Name

      2796        280        240          0          0       2156   m_wm.l
      2632        112          0          8          0       1152   mc_w.l
      1514          0          0          0          0       1224   mf_w.l

    ----------------------------------------------------------------------
      6950        392        240          8          0       4532   Library Totals

    ----------------------------------------------------------------------

==============================================================================


      Code (inc. data)   RO Data    RW Data    ZI Data      Debug   

     27816       1786        924        292      18108    1055044   Grand Totals
     27816       1786        924        292      18108    1055044   ELF Image Totals
     27816       1786        924        292          0          0   ROM Totals

==============================================================================

    Total RO  Size (Code + RO Data)                28740 (  28.07kB)
    Total RW  Size (RW Data + ZI Data)             18400 (  17.97kB)
    Total ROM Size (Code + RO Data + RW Data)      29032 (  28.35kB)

==============================================================================

